C51 COMPILER V9.00   I2C                                                                   12/22/2017 11:34:02 PAGE 1   


C51 COMPILER V9.00, COMPILATION OF MODULE I2C
OBJECT MODULE PLACED IN i2c.obj
COMPILER INVOKED BY: C:\keil\C51\BIN\C51.EXE I2C\i2c.c LARGE OPTIMIZE(8,SPEED) BROWSE INCDIR(.\SRC;.\I2C) DEBUG OBJECTEX
                    -TEND PRINT(.\i2c.lst) TABS(2) OBJECT(i2c.obj)

line level    source

   1          #include"i2c.h"
   2          
   3          /*******************************************************************************
   4          * 函数名         : Delay10us()
   5          * 函数功能       : 延时10us
   6          * 输入           : 无
   7          * 输出           : 无
   8          *******************************************************************************/
   9          
  10          void Delay10us()
  11          {
  12   1        unsigned char a,b;
  13   1        for(b=1;b>0;b--)
  14   1          for(a=2;a>0;a--);
  15   1      
  16   1      }
  17          void Delayus()
  18          {
  19   1        unsigned char a,b;
  20   1        for(b=10;b>0;b--)
  21   1          for(a=100;a>0;a--);
  22   1      
  23   1      }
  24          /*******************************************************************************
  25          * 函数名         : I2cStart()
  26          * 函数功能     : 起始信号：在SCL时钟信号在高电平期间SDA信号产生一个下降沿
  27          * 输入           : 无
  28          * 输出           : 无
  29          * 备注           : 起始之后SDA和SCL都为0
  30          *******************************************************************************/
  31          
  32          void I2cStart()
  33          {
  34   1        SDA=1;
  35   1        Delay10us();
  36   1        SCL=1;
  37   1        Delay10us();//建立时间是SDA保持时间>4.7us
  38   1        SDA=0;
  39   1        Delay10us();//保持时间是>4us
  40   1        SCL=0;      
  41   1        Delay10us();    
  42   1      }
  43          /*******************************************************************************
  44          * 函数名         : I2cStop()
  45          * 函数功能     : 终止信号：在SCL时钟信号高电平期间SDA信号产生一个上升沿
  46          * 输入           : 无
  47          * 输出           : 无
  48          * 备注           : 结束之后保持SDA和SCL都为1；表示总线空闲
  49          *******************************************************************************/
  50          
  51          void I2cStop()
  52          {
  53   1        SDA=0;
  54   1        Delay10us();
C51 COMPILER V9.00   I2C                                                                   12/22/2017 11:34:02 PAGE 2   

  55   1        SCL=1;
  56   1        Delay10us();//建立时间大于4.7us
  57   1        SDA=1;
  58   1        Delay10us();    
  59   1      }
  60          /*******************************************************************************
  61          * 函数名         : I2cSendByte(unsigned char dat)
  62          * 函数功能     : 通过I2C发送一个字节。在SCL时钟信号高电平期间，保持发送信号SDA保持稳定
  63          * 输入           : num
  64          * 输出           : 0或1。发送成功返回1，发送失败返回0
  65          * 备注           : 发送完一个字节SCL=0,SDA=1
  66          *******************************************************************************/
  67          
  68          unsigned char I2cSendByte(unsigned char dat)
  69          {
  70   1        unsigned char a=0,b=0;//最大255，一个机器周期为1us，最大延时255us。   
  71   1        for(a=0;a<8;a++)//要发送8位，从最高位开始
  72   1        {
  73   2          SDA=dat>>7;  //起始信号之后SCL=0，所以可以直接改变SDA信号
  74   2          dat=dat<<1;
  75   2          Delay10us();
  76   2          SCL=1;
  77   2          Delay10us();//建立时间>4.7us
  78   2          SCL=0;
  79   2          Delay10us();//时间大于4us   
  80   2        }
  81   1        SDA=1;
  82   1        Delay10us();
  83   1        SCL=1;
  84   1        while(SDA)//等待应答，也就是等待从设备把SDA拉低
  85   1        {
  86   2          b++;
  87   2          if(b>200)  //如果超过2000us没有应答发送失败，或者为非应答，表示接收结束
  88   2          {
  89   3            SCL=0;
  90   3            Delay10us();
  91   3            return 0;
  92   3          }
  93   2        }
  94   1        SCL=0;
  95   1        Delay10us();
  96   1        return 1;   
  97   1      }
  98          /*******************************************************************************
  99          * 函数名         : I2cReadByte()
 100          * 函数功能       : 使用I2c读取一个字节
 101          * 输入           : 无
 102          * 输出           : dat
 103          * 备注           : 接收完一个字节SCL=0,SDA=1.
 104          *******************************************************************************/
 105          
 106          unsigned char I2cReadByte()
 107          {
 108   1        unsigned char a=0,dat=0;
 109   1        SDA=1;      //起始和发送一个字节之后SCL都是0
 110   1        Delay10us();
 111   1        for(a=0;a<8;a++)//接收8个字节
 112   1        {
 113   2          SCL=1;
 114   2          Delay10us();
 115   2          dat<<=1;
 116   2          dat|=SDA;
C51 COMPILER V9.00   I2C                                                                   12/22/2017 11:34:02 PAGE 3   

 117   2          Delay10us();
 118   2          SCL=0;
 119   2          Delay10us();
 120   2        }
 121   1        return dat;   
 122   1      }
 123          
 124          
 125          /*******************************************************************************
 126          * 函数名         : void At24c02Write(unsigned char addr,unsigned char dat)
 127          * 函数功能       : 往24c02的一个地址写入一个数据
 128          * 输入           : 无
 129          * 输出           : 无
 130          *******************************************************************************/
 131          
 132          void At24c02Write(unsigned char addr,unsigned char dat)
 133          {
 134   1        I2cStart();
 135   1        I2cSendByte(0xa0);//发送写器件地址
 136   1        I2cSendByte(addr);//发送要写入内存地址
 137   1        I2cSendByte(dat); //发送数据
 138   1        I2cStop();
 139   1        Delayus();
 140   1        Delayus();
 141   1        Delayus();
 142   1        Delayus();
 143   1        Delayus();
 144   1      }
 145          /*******************************************************************************
 146          * 函数名         : unsigned char At24c02Read(unsigned char addr)
 147          * 函数功能       : 读取24c02的一个地址的一个数据
 148          * 输入           : 无
 149          * 输出           : 无
 150          *******************************************************************************/
 151          
 152          unsigned char At24c02Read(unsigned char addr)
 153          {
 154   1        unsigned char num;
 155   1        I2cStart();
 156   1        I2cSendByte(0xa0); //发送写器件地址
 157   1        I2cSendByte(addr); //发送要读取的地址
 158   1        I2cStart();
 159   1        I2cSendByte(0xa1); //发送读器件地址
 160   1        num=I2cReadByte(); //读取数据
 161   1        I2cStop();
 162   1        return num; 
 163   1      }
 164          


MODULE INFORMATION:   STATIC OVERLAYABLE
   CODE SIZE        =    227    ----
   CONSTANT SIZE    =   ----    ----
   XDATA SIZE       =   ----    ----
   PDATA SIZE       =   ----    ----
   DATA SIZE        =   ----    ----
   IDATA SIZE       =   ----    ----
   BIT SIZE         =   ----    ----
END OF MODULE INFORMATION.


C51 COMPILATION COMPLETE.  0 WARNING(S),  0 ERROR(S)
