Component: ARM Compiler 5.05 update 1 (build 106) Tool: armlink [4d0efa]

==============================================================================

Section Cross References

    main.o(.text) refers to adc.o(.text) for Get_Adc_Average
    main.o(.text) refers to oled.o(.text) for OLED_ShowString
    main.o(.text) refers to ds18b20.o(.text) for DS18B20_Get_Temp
    main.o(.text) refers to delay.o(.text) for delay_init
    main.o(.text) refers to misc.o(.text) for NVIC_PriorityGroupConfig
    main.o(.text) refers to usart.o(.text) for uart_init
    main.o(.text) refers to led.o(.text) for LED_Init
    main.o(.text) refers to key.o(.text) for KEY_Init
    main.o(.text) refers to driver.o(.text) for Driver_Init_X
    main.o(.text) refers to timer.o(.text) for TIM6_Int_Init
    main.o(.text) refers to rtc.o(.text) for RTC_Init
    main.o(.text) refers to stm32f10x_tim.o(.text) for TIM_SetCompare2
    main.o(.text) refers to main.o(.data) for PWM_duty_cycle
    main.o(.text) refers to system_stm32f10x.o(.data) for SystemCoreClock
    main.o(.text) refers to usmart_config.o(.data) for usmart_dev
    main.o(.text) refers to timer.o(.data) for page_turning_time
    main.o(.text) refers to rtc.o(.bss) for calendar
    system_stm32f10x.o(.text) refers to system_stm32f10x.o(.data) for SystemCoreClock
    led.o(.text) refers to stm32f10x_rcc.o(.text) for RCC_APB2PeriphClockCmd
    led.o(.text) refers to stm32f10x_gpio.o(.text) for GPIO_Init
    key.o(.text) refers to stm32f10x_rcc.o(.text) for RCC_APB2PeriphClockCmd
    key.o(.text) refers to stm32f10x_gpio.o(.text) for GPIO_Init
    key.o(.text) refers to delay.o(.text) for delay_ms
    key.o(.text) refers to key.o(.data) for key_up
    rtc.o(.text) refers to _printf_percent.o(.ARM.Collect$$_printf_percent$$00000000) for _printf_percent
    rtc.o(.text) refers to _printf_d.o(.ARM.Collect$$_printf_percent$$00000009) for _printf_d
    rtc.o(.text) refers to _printf_dec.o(.text) for _printf_int_dec
    rtc.o(.text) refers to misc.o(.text) for NVIC_Init
    rtc.o(.text) refers to stm32f10x_rtc.o(.text) for RTC_GetCounter
    rtc.o(.text) refers to stm32f10x_rcc.o(.text) for RCC_APB1PeriphClockCmd
    rtc.o(.text) refers to stm32f10x_pwr.o(.text) for PWR_BackupAccessCmd
    rtc.o(.text) refers to stm32f10x_bkp.o(.text) for BKP_ReadBackupRegister
    rtc.o(.text) refers to delay.o(.text) for delay_ms
    rtc.o(.text) refers to noretval__2printf.o(.text) for __2printf
    rtc.o(.text) refers to rtc.o(.constdata) for table_week
    rtc.o(.text) refers to rtc.o(.data) for daycnt
    rtc.o(.text) refers to rtc.o(.bss) for calendar
    oled.o(.text) refers to stm32f10x_rcc.o(.text) for RCC_APB2PeriphClockCmd
    oled.o(.text) refers to stm32f10x_gpio.o(.text) for GPIO_Init
    oled.o(.text) refers to oled.o(.bss) for OLED_GRAM
    oled.o(.text) refers to oled.o(.constdata) for asc2_1206
    oled.o(.text) refers to delay.o(.text) for delay_ms
    ds18b20.o(.text) refers to delay.o(.text) for delay_us
    ds18b20.o(.text) refers to stm32f10x_rcc.o(.text) for RCC_APB2PeriphClockCmd
    ds18b20.o(.text) refers to stm32f10x_gpio.o(.text) for GPIO_Init
    ds18b20.o(.text) refers to fflt_clz.o(x$fpl$fflt) for __aeabi_i2f
    ds18b20.o(.text) refers to f2d.o(x$fpl$f2d) for __aeabi_f2d
    ds18b20.o(.text) refers to dmul.o(x$fpl$dmul) for __aeabi_dmul
    ds18b20.o(.text) refers to dfix.o(x$fpl$dfix) for __aeabi_d2iz
    adc.o(.text) refers to stm32f10x_rcc.o(.text) for RCC_APB2PeriphClockCmd
    adc.o(.text) refers to stm32f10x_gpio.o(.text) for GPIO_Init
    adc.o(.text) refers to stm32f10x_adc.o(.text) for ADC_DeInit
    adc.o(.text) refers to delay.o(.text) for delay_ms
    adc.o(.text) refers to fflt_clz.o(x$fpl$ffltu) for __aeabi_ui2f
    adc.o(.text) refers to f2d.o(x$fpl$f2d) for __aeabi_f2d
    adc.o(.text) refers to dmul.o(x$fpl$dmul) for __aeabi_dmul
    adc.o(.text) refers to d2f.o(x$fpl$d2f) for __aeabi_d2f
    adc.o(.text) refers to ffixu.o(x$fpl$ffixu) for __aeabi_f2uiz
    adc.o(.text) refers to faddsub_clz.o(x$fpl$frsb) for __aeabi_frsub
    adc.o(.text) refers to fmul.o(x$fpl$fmul) for __aeabi_fmul
    driver.o(.text) refers to stm32f10x_rcc.o(.text) for RCC_APB2PeriphClockCmd
    driver.o(.text) refers to stm32f10x_gpio.o(.text) for GPIO_Init
    driver.o(.text) refers to stm32f10x_tim.o(.text) for TIM_TimeBaseStructInit
    driver.o(.text) refers to misc.o(.text) for NVIC_Init
    driver.o(.text) refers to driver.o(.data) for is_rcr_finish_Y
    timer.o(.text) refers to stm32f10x_rcc.o(.text) for RCC_APB1PeriphClockCmd
    timer.o(.text) refers to stm32f10x_tim.o(.text) for TIM_TimeBaseInit
    timer.o(.text) refers to misc.o(.text) for NVIC_Init
    timer.o(.text) refers to stm32f10x_gpio.o(.text) for GPIO_PinRemapConfig
    timer.o(.text) refers to main.o(.data) for page_turning_flag
    timer.o(.text) refers to timer.o(.data) for page_turning_time
    delay.o(.text) refers to misc.o(.text) for SysTick_CLKSourceConfig
[...]
    .ARM.Collect$$libinit$$00000017          0x08000208   Section        0  libinit2.o(.ARM.Collect$$libinit$$00000017)
    .ARM.Collect$$libinit$$00000019          0x08000208   Section        0  libinit2.o(.ARM.Collect$$libinit$$00000019)
    .ARM.Collect$$libinit$$0000001B          0x08000208   Section        0  libinit2.o(.ARM.Collect$$libinit$$0000001B)
    .ARM.Collect$$libinit$$0000001D          0x08000208   Section        0  libinit2.o(.ARM.Collect$$libinit$$0000001D)
    .ARM.Collect$$libinit$$0000001F          0x08000208   Section        0  libinit2.o(.ARM.Collect$$libinit$$0000001F)
    .ARM.Collect$$libinit$$00000021          0x08000208   Section        0  libinit2.o(.ARM.Collect$$libinit$$00000021)
    .ARM.Collect$$libinit$$00000023          0x08000208   Section        0  libinit2.o(.ARM.Collect$$libinit$$00000023)
    .ARM.Collect$$libinit$$00000025          0x08000208   Section        0  libinit2.o(.ARM.Collect$$libinit$$00000025)
    .ARM.Collect$$libinit$$0000002C          0x08000208   Section        0  libinit2.o(.ARM.Collect$$libinit$$0000002C)
    .ARM.Collect$$libinit$$0000002E          0x08000208   Section        0  libinit2.o(.ARM.Collect$$libinit$$0000002E)
    .ARM.Collect$$libinit$$00000030          0x08000208   Section        0  libinit2.o(.ARM.Collect$$libinit$$00000030)
    .ARM.Collect$$libinit$$00000032          0x08000208   Section        0  libinit2.o(.ARM.Collect$$libinit$$00000032)
    .ARM.Collect$$libinit$$00000033          0x08000208   Section        2  libinit2.o(.ARM.Collect$$libinit$$00000033)
    .ARM.Collect$$libshutdown$$00000000      0x0800020a   Section        2  libshutdown.o(.ARM.Collect$$libshutdown$$00000000)
    .ARM.Collect$$libshutdown$$00000003      0x0800020c   Section        0  libshutdown2.o(.ARM.Collect$$libshutdown$$00000003)
    .ARM.Collect$$libshutdown$$00000006      0x0800020c   Section        0  libshutdown2.o(.ARM.Collect$$libshutdown$$00000006)
    .ARM.Collect$$libshutdown$$00000009      0x0800020c   Section        0  libshutdown2.o(.ARM.Collect$$libshutdown$$00000009)
    .ARM.Collect$$libshutdown$$0000000B      0x0800020c   Section        0  libshutdown2.o(.ARM.Collect$$libshutdown$$0000000B)
    .ARM.Collect$$libshutdown$$0000000E      0x0800020c   Section        0  libshutdown2.o(.ARM.Collect$$libshutdown$$0000000E)
    .ARM.Collect$$libshutdown$$0000000F      0x0800020c   Section        2  libshutdown2.o(.ARM.Collect$$libshutdown$$0000000F)
    .ARM.Collect$$rtentry$$00000000          0x0800020e   Section        0  __rtentry.o(.ARM.Collect$$rtentry$$00000000)
    .ARM.Collect$$rtentry$$00000002          0x0800020e   Section        0  __rtentry2.o(.ARM.Collect$$rtentry$$00000002)
    .ARM.Collect$$rtentry$$00000004          0x0800020e   Section        6  __rtentry4.o(.ARM.Collect$$rtentry$$00000004)
    .ARM.Collect$$rtentry$$00000009          0x08000214   Section        0  __rtentry2.o(.ARM.Collect$$rtentry$$00000009)
    .ARM.Collect$$rtentry$$0000000A          0x08000214   Section        4  __rtentry2.o(.ARM.Collect$$rtentry$$0000000A)
    .ARM.Collect$$rtentry$$0000000C          0x08000218   Section        0  __rtentry2.o(.ARM.Collect$$rtentry$$0000000C)
    .ARM.Collect$$rtentry$$0000000D          0x08000218   Section        8  __rtentry2.o(.ARM.Collect$$rtentry$$0000000D)
    .ARM.Collect$$rtexit$$00000000           0x08000220   Section        2  rtexit.o(.ARM.Collect$$rtexit$$00000000)
    .ARM.Collect$$rtexit$$00000002           0x08000222   Section        0  rtexit2.o(.ARM.Collect$$rtexit$$00000002)
    .ARM.Collect$$rtexit$$00000003           0x08000222   Section        4  rtexit2.o(.ARM.Collect$$rtexit$$00000003)
    .ARM.Collect$$rtexit$$00000004           0x08000226   Section        6  rtexit2.o(.ARM.Collect$$rtexit$$00000004)
    .text                                    0x0800022c   Section        0  main.o(.text)
    .text                                    0x080005c8   Section        0  stm32f10x_it.o(.text)
    .text                                    0x080005e4   Section        0  system_stm32f10x.o(.text)
    SetSysClockTo72                          0x080005e5   Thumb Code   214  system_stm32f10x.o(.text)
    SetSysClock                              0x080006bb   Thumb Code     8  system_stm32f10x.o(.text)
    .text                                    0x080007c4   Section        0  led.o(.text)
    .text                                    0x08000810   Section        0  key.o(.text)
    .text                                    0x08000924   Section        0  rtc.o(.text)
    RTC_NVIC_Config                          0x08000925   Thumb Code    32  rtc.o(.text)
    .text                                    0x08000d9c   Section        0  oled.o(.text)
    .text                                    0x0800130c   Section        0  ds18b20.o(.text)
    .text                                    0x08001574   Section        0  adc.o(.text)
    .text                                    0x080016f8   Section        0  driver.o(.text)
    .text                                    0x08001ed4   Section        0  timer.o(.text)
    .text                                    0x080020b0   Section        0  delay.o(.text)
    .text                                    0x08002184   Section        0  usart.o(.text)
    .text                                    0x080022c4   Section       64  startup_stm32f10x_hd.o(.text)
    .text                                    0x08002304   Section        0  misc.o(.text)
    .text                                    0x080023e0   Section        0  stm32f10x_bkp.o(.text)
    .text                                    0x080024a4   Section        0  stm32f10x_gpio.o(.text)
    .text                                    0x08002800   Section        0  stm32f10x_pwr.o(.text)
    .text                                    0x080028cc   Section        0  stm32f10x_rcc.o(.text)
    .text                                    0x08002c70   Section        0  stm32f10x_usart.o(.text)
    .text                                    0x08003078   Section        0  stm32f10x_rtc.o(.text)
    .text                                    0x080031c0   Section        0  stm32f10x_tim.o(.text)
    TI4_Config                               0x08003667   Thumb Code   130  stm32f10x_tim.o(.text)
    TI3_Config                               0x080036fb   Thumb Code   122  stm32f10x_tim.o(.text)
    TI2_Config                               0x0800378f   Thumb Code   130  stm32f10x_tim.o(.text)
    TI1_Config                               0x08003823   Thumb Code   108  stm32f10x_tim.o(.text)
    .text                                    0x08003fdc   Section        0  stm32f10x_adc.o(.text)
    .text                                    0x0800442c   Section        0  usmart.o(.text)
    .text                                    0x08005064   Section        0  usmart_str.o(.text)
    .text                                    0x0800558c   Section        2  use_no_semi_2.o(.text)
    .text                                    0x08005590   Section        0  noretval__2printf.o(.text)
    .text                                    0x080055a8   Section        0  _printf_pad.o(.text)
    .text                                    0x080055f6   Section        0  _printf_str.o(.text)
    .text                                    0x08005648   Section        0  _printf_dec.o(.text)
    .text                                    0x080056c0   Section        0  _printf_hex_int.o(.text)
    .text                                    0x08005718   Section        0  __printf_flags_ss_wp.o(.text)
    .text                                    0x080058a0   Section        0  heapauxi.o(.text)
    .text                                    0x080058a6   Section        2  use_no_semi.o(.text)
    .text                                    0x080058a8   Section        0  _printf_intcommon.o(.text)
    .text                                    0x0800595a   Section        0  _printf_char.o(.text)
    .text                                    0x08005988   Section        0  _printf_char_file.o(.text)
    .text                                    0x080059ac   Section        0  _printf_char_common.o(.text)
    _printf_input_char                       0x080059ad   Thumb Code    10  _printf_char_common.o(.text)
    .text                                    0x080059dc   Section        0  ferror.o(.text)
    .text                                    0x080059e4   Section       74  sys_stackheap_outer.o(.text)
    .text                                    0x08005a2e   Section        0  exit.o(.text)
    .text                                    0x08005a3c   Section        8  libspace.o(.text)
    i._is_digit                              0x08005a44   Section        0  __printf_wp.o(i._is_digit)
    x$fpl$d2f                                0x08005a54   Section       98  d2f.o(x$fpl$d2f)
    x$fpl$dfix                               0x08005ab8   Section       94  dfix.o(x$fpl$dfix)
    x$fpl$dmul                               0x08005b18   Section      340  dmul.o(x$fpl$dmul)
    x$fpl$dnaninf                            0x08005c6c   Section      156  dnaninf.o(x$fpl$dnaninf)
    x$fpl$dretinf                            0x08005d08   Section       12  dretinf.o(x$fpl$dretinf)
    x$fpl$f2d                                0x08005d14   Section       86  f2d.o(x$fpl$f2d)
    x$fpl$fadd                               0x08005d6c   Section      196  faddsub_clz.o(x$fpl$fadd)
    _fadd1                                   0x08005d7b   Thumb Code     0  faddsub_clz.o(x$fpl$fadd)
    x$fpl$ffixu                              0x08005e30   Section       62  ffixu.o(x$fpl$ffixu)
    x$fpl$fflt                               0x08005e70   Section       48  fflt_clz.o(x$fpl$fflt)
    x$fpl$ffltu                              0x08005ea0   Section       38  fflt_clz.o(x$fpl$ffltu)
    x$fpl$fmul                               0x08005ec8   Section      258  fmul.o(x$fpl$fmul)
    x$fpl$fnaninf                            0x08005fca   Section      140  fnaninf.o(x$fpl$fnaninf)
    x$fpl$fretinf                            0x08006056   Section       10  fretinf.o(x$fpl$fretinf)
    x$fpl$frsb                               0x08006060   Section       20  faddsub_clz.o(x$fpl$frsb)
    x$fpl$fsub                               0x08006074   Section      234  faddsub_clz.o(x$fpl$fsub)
    _fsub1                                   0x08006083   Thumb Code     0  faddsub_clz.o(x$fpl$fsub)
    .constdata                               0x0800615e   Section       24  rtc.o(.constdata)
    x$fpl$usenofp                            0x0800615e   Section        0  usenofp.o(x$fpl$usenofp)
    .constdata                               0x08006176   Section     6080  oled.o(.constdata)
    .constdata                               0x08007936   Section       40  _printf_hex_int.o(.constdata)
    uc_hextab                                0x08007936   Data          20  _printf_hex_int.o(.constdata)
    lc_hextab                                0x0800794a   Data          20  _printf_hex_int.o(.constdata)
    .constdata                               0x0800795e   Section       17  __printf_flags_ss_wp.o(.constdata)
    maptable                                 0x0800795e   Data          17  __printf_flags_ss_wp.o(.constdata)
    .conststring                             0x08007970   Section       40  usmart.o(.conststring)
    .conststring                             0x08007998   Section      167  usmart_config.o(.conststring)
    .data                                    0x20000000   Section        5  main.o(.data)
    .data                                    0x20000008   Section       20  system_stm32f10x.o(.data)
    .data                                    0x2000001c   Section        1  key.o(.data)
    key_up                                   0x2000001c   Data           1  key.o(.data)
    .data                                    0x2000001e   Section        2  rtc.o(.data)
    daycnt                                   0x2000001e   Data           2  rtc.o(.data)
    .data                                    0x20000020   Section       41  driver.o(.data)
    .data                                    0x20000049   Section        2  timer.o(.data)
    .data                                    0x2000004c   Section        4  delay.o(.data)
    fac_us                                   0x2000004c   Data           1  delay.o(.data)
    fac_ms                                   0x2000004e   Data           2  delay.o(.data)
    .data                                    0x20000050   Section        6  usart.o(.data)
    .data                                    0x20000056   Section       20  stm32f10x_rcc.o(.data)
    APBAHBPrescTable                         0x20000056   Data          16  stm32f10x_rcc.o(.data)
    ADCPrescTable                            0x20000066   Data           4  stm32f10x_rcc.o(.data)
    .data                                    0x2000006c   Section       28  usmart.o(.data)
    .data                                    0x20000088   Section      284  usmart_config.o(.data)
    .bss                                     0x200001a4   Section       10  rtc.o(.bss)
    .bss                                     0x200001ae   Section     1024  oled.o(.bss)
    .bss                                     0x200005ae   Section      200  usart.o(.bss)
    .bss                                     0x20000678   Section       96  libspace.o(.bss)
    HEAP                                     0x200006d8   Section      512  startup_stm32f10x_hd.o(HEAP)
    Heap_Mem                                 0x200006d8   Data         512  startup_stm32f10x_hd.o(HEAP)
    STACK                                    0x200008d8   Section     1024  startup_stm32f10x_hd.o(STACK)
    Stack_Mem                                0x200008d8   Data        1024  startup_stm32f10x_hd.o(STACK)
    __initial_sp                             0x20000cd8   Data           0  startup_stm32f10x_hd.o(STACK)

    Global Symbols

    Symbol Name                              Value     Ov Type        Size  Object(Section)

    BuildAttributes$$THM_ISAv4$P$D$K$B$S$PE$A:L22UL41UL21$X:L11$S22US41US21$IEEE1$IW$USESV6$~STKCKD$USESV7$~SHL$OSPACE$ROPI$EBA8$UX$STANDARDLIB$REQ8$PRES8$EABIv2 0x00000000   Number         0  anon$$obj.o ABSOLUTE
    __ARM_use_no_argv                        0x00000000   Number         0  main.o ABSOLUTE
    _printf_flags                            0x00000000   Number         0  printf_stubs.o ABSOLUTE
    _printf_return_value                     0x00000000   Number         0  printf_stubs.o ABSOLUTE
    _printf_sizespec                         0x00000000   Number         0  printf_stubs.o ABSOLUTE
    _printf_widthprec                        0x00000000   Number         0  printf_stubs.o ABSOLUTE
    __ARM_exceptions_init                     - Undefined Weak Reference
    __alloca_initialize                       - Undefined Weak Reference
    __arm_preinit_                            - Undefined Weak Reference
    __cpp_initialize__aeabi_                  - Undefined Weak Reference
    __cxa_finalize                            - Undefined Weak Reference
    __rt_locale                               - Undefined Weak Reference
    __sigvec_lookup                           - Undefined Weak Reference
    _atexit_init                              - Undefined Weak Reference
    _call_atexit_fns                          - Undefined Weak Reference
    _clock_init                               - Undefined Weak Reference
    _fp_trap_init                             - Undefined Weak Reference
    _fp_trap_shutdown                         - Undefined Weak Reference
    _get_lc_collate                           - Undefined Weak Reference
    _get_lc_ctype                             - Undefined Weak Reference
    _get_lc_monetary                          - Undefined Weak Reference
    _get_lc_numeric                           - Undefined Weak Reference
    _get_lc_time                              - Undefined Weak Reference
    _getenv_init                              - Undefined Weak Reference
    _handle_redirection                       - Undefined Weak Reference
    _init_alloc                               - Undefined Weak Reference
    _init_user_alloc                          - Undefined Weak Reference
    _initio                                   - Undefined Weak Reference
    _mutex_acquire                            - Undefined Weak Reference
    _mutex_release                            - Undefined Weak Reference
    _printf_mbtowc                            - Undefined Weak Reference
    _printf_truncate_signed                   - Undefined Weak Reference
    _printf_truncate_unsigned                 - Undefined Weak Reference
    _rand_init                                - Undefined Weak Reference
    _signal_finish                            - Undefined Weak Reference
    _signal_init                              - Undefined Weak Reference
    _terminate_alloc                          - Undefined Weak Reference
    _terminate_user_alloc                     - Undefined Weak Reference
    _terminateio                              - Undefined Weak Reference
    __Vectors_Size                           0x00000130   Number         0  startup_stm32f10x_hd.o ABSOLUTE
    __Vectors                                0x08000000   Data           4  startup_stm32f10x_hd.o(RESET)
    __Vectors_End                            0x08000130   Data           0  startup_stm32f10x_hd.o(RESET)
    __main                                   0x08000131   Thumb Code     8  __main.o(!!!main)
    __scatterload                            0x08000139   Thumb Code     0  __scatter.o(!!!scatter)
    __scatterload_rt2                        0x08000139   Thumb Code    44  __scatter.o(!!!scatter)
    __scatterload_rt2_thumb_only             0x08000139   Thumb Code     0  __scatter.o(!!!scatter)
    __scatterload_null                       0x08000147   Thumb Code     0  __scatter.o(!!!scatter)
    __decompress                             0x0800016d   Thumb Code    90  __dczerorl2.o(!!dczerorl2)
    __decompress1                            0x0800016d   Thumb Code     0  __dczerorl2.o(!!dczerorl2)
    __scatterload_zeroinit                   0x080001c9   Thumb Code    28  __scatter_zi.o(!!handler_zi)
    _printf_d                                0x080001e5   Thumb Code     0  _printf_d.o(.ARM.Collect$$_printf_percent$$00000009)
    _printf_percent                          0x080001e5   Thumb Code     0  _printf_percent.o(.ARM.Collect$$_printf_percent$$00000000)
    _printf_u                                0x080001eb   Thumb Code     0  _printf_u.o(.ARM.Collect$$_printf_percent$$0000000A)
    _printf_x                                0x080001f1   Thumb Code     0  _printf_x.o(.ARM.Collect$$_printf_percent$$0000000C)
    _printf_c                                0x080001f7   Thumb Code     0  _printf_c.o(.ARM.Collect$$_printf_percent$$00000013)
    _printf_s                                0x080001fd   Thumb Code     0  _printf_s.o(.ARM.Collect$$_printf_percent$$00000014)
    _printf_percent_end                      0x08000203   Thumb Code     0  _printf_percent_end.o(.ARM.Collect$$_printf_percent$$00000017)
    __rt_lib_init                            0x08000207   Thumb Code     0  libinit.o(.ARM.Collect$$libinit$$00000000)
    __rt_lib_init_alloca_1                   0x08000209   Thumb Code     0  libinit2.o(.ARM.Collect$$libinit$$0000002E)
    __rt_lib_init_argv_1                     0x08000209   Thumb Code     0  libinit2.o(.ARM.Collect$$libinit$$0000002C)
    __rt_lib_init_atexit_1                   0x08000209   Thumb Code     0  libinit2.o(.ARM.Collect$$libinit$$0000001B)
    __rt_lib_init_clock_1                    0x08000209   Thumb Code     0  libinit2.o(.ARM.Collect$$libinit$$00000021)
    __rt_lib_init_cpp_1                      0x08000209   Thumb Code     0  libinit2.o(.ARM.Collect$$libinit$$00000032)
    __rt_lib_init_exceptions_1               0x08000209   Thumb Code     0  libinit2.o(.ARM.Collect$$libinit$$00000030)
    __rt_lib_init_fp_1                       0x08000209   Thumb Code     0  libinit2.o(.ARM.Collect$$libinit$$00000002)
    __rt_lib_init_fp_trap_1                  0x08000209   Thumb Code     0  libinit2.o(.ARM.Collect$$libinit$$0000001F)
    __rt_lib_init_getenv_1                   0x08000209   Thumb Code     0  libinit2.o(.ARM.Collect$$libinit$$00000023)
    __rt_lib_init_heap_1                     0x08000209   Thumb Code     0  libinit2.o(.ARM.Collect$$libinit$$0000000A)
    __rt_lib_init_lc_collate_1               0x08000209   Thumb Code     0  libinit2.o(.ARM.Collect$$libinit$$00000011)
    __rt_lib_init_lc_ctype_1                 0x08000209   Thumb Code     0  libinit2.o(.ARM.Collect$$libinit$$00000013)
    __rt_lib_init_lc_monetary_1              0x08000209   Thumb Code     0  libinit2.o(.ARM.Collect$$libinit$$00000015)
    __rt_lib_init_lc_numeric_1               0x08000209   Thumb Code     0  libinit2.o(.ARM.Collect$$libinit$$00000017)
    __rt_lib_init_lc_time_1                  0x08000209   Thumb Code     0  libinit2.o(.ARM.Collect$$libinit$$00000019)
    __rt_lib_init_preinit_1                  0x08000209   Thumb Code     0  libinit2.o(.ARM.Collect$$libinit$$00000004)
    __rt_lib_init_rand_1                     0x08000209   Thumb Code     0  libinit2.o(.ARM.Collect$$libinit$$0000000E)
    __rt_lib_init_return                     0x08000209   Thumb Code     0  libinit2.o(.ARM.Collect$$libinit$$00000033)
    __rt_lib_init_signal_1                   0x08000209   Thumb Code     0  libinit2.o(.ARM.Collect$$libinit$$0000001D)
    __rt_lib_init_stdio_1                    0x08000209   Thumb Code     0  libinit2.o(.ARM.Collect$$libinit$$00000025)
    __rt_lib_init_user_alloc_1               0x08000209   Thumb Code     0  libinit2.o(.ARM.Collect$$libinit$$0000000C)
    __rt_lib_shutdown                        0x0800020b   Thumb Code     0  libshutdown.o(.ARM.Collect$$libshutdown$$00000000)
    __rt_lib_shutdown_fp_trap_1              0x0800020d   Thumb Code     0  libshutdown2.o(.ARM.Collect$$libshutdown$$00000006)
    __rt_lib_shutdown_heap_1                 0x0800020d   Thumb Code     0  libshutdown2.o(.ARM.Collect$$libshutdown$$0000000E)
    __rt_lib_shutdown_return                 0x0800020d   Thumb Code     0  libshutdown2.o(.ARM.Collect$$libshutdown$$0000000F)
    __rt_lib_shutdown_signal_1               0x0800020d   Thumb Code     0  libshutdown2.o(.ARM.Collect$$libshutdown$$00000009)
    __rt_lib_shutdown_stdio_1                0x0800020d   Thumb Code     0  libshutdown2.o(.ARM.Collect$$libshutdown$$00000003)
    __rt_lib_shutdown_user_alloc_1           0x0800020d   Thumb Code     0  libshutdown2.o(.ARM.Collect$$libshutdown$$0000000B)
    __rt_entry                               0x0800020f   Thumb Code     0  __rtentry.o(.ARM.Collect$$rtentry$$00000000)
    __rt_entry_presh_1                       0x0800020f   Thumb Code     0  __rtentry2.o(.ARM.Collect$$rtentry$$00000002)
    __rt_entry_sh                            0x0800020f   Thumb Code     0  __rtentry4.o(.ARM.Collect$$rtentry$$00000004)
    __rt_entry_li                            0x08000215   Thumb Code     0  __rtentry2.o(.ARM.Collect$$rtentry$$0000000A)
    __rt_entry_postsh_1                      0x08000215   Thumb Code     0  __rtentry2.o(.ARM.Collect$$rtentry$$00000009)
    __rt_entry_main                          0x08000219   Thumb Code     0  __rtentry2.o(.ARM.Collect$$rtentry$$0000000D)
    __rt_entry_postli_1                      0x08000219   Thumb Code     0  __rtentry2.o(.ARM.Collect$$rtentry$$0000000C)
    __rt_exit                                0x08000221   Thumb Code     0  rtexit.o(.ARM.Collect$$rtexit$$00000000)
    __rt_exit_ls                             0x08000223   Thumb Code     0  rtexit2.o(.ARM.Collect$$rtexit$$00000003)
    __rt_exit_prels_1                        0x08000223   Thumb Code     0  rtexit2.o(.ARM.Collect$$rtexit$$00000002)
    __rt_exit_exit                           0x08000227   Thumb Code     0  rtexit2.o(.ARM.Collect$$rtexit$$00000004)
    Get_Liquid_Level                         0x0800022d   Thumb Code    46  main.o(.text)
    Get_Temperature                          0x0800025b   Thumb Code    88  main.o(.text)
    Get_Zhuodu                               0x080002b3   Thumb Code    64  main.o(.text)
    main                                     0x080002f3   Thumb Code   578  main.o(.text)
    NMI_Handler                              0x080005c9   Thumb Code     2  stm32f10x_it.o(.text)
    HardFault_Handler                        0x080005cb   Thumb Code     4  stm32f10x_it.o(.text)
    MemManage_Handler                        0x080005cf   Thumb Code     4  stm32f10x_it.o(.text)
    BusFault_Handler                         0x080005d3   Thumb Code     4  stm32f10x_it.o(.text)
    UsageFault_Handler                       0x080005d7   Thumb Code     4  stm32f10x_it.o(.text)
    SVC_Handler                              0x080005db   Thumb Code     2  stm32f10x_it.o(.text)
    DebugMon_Handler                         0x080005dd   Thumb Code     2  stm32f10x_it.o(.text)
    PendSV_Handler                           0x080005df   Thumb Code     2  stm32f10x_it.o(.text)
    SysTick_Handler                          0x080005e1   Thumb Code     2  stm32f10x_it.o(.text)
    SystemInit                               0x080006c3   Thumb Code    78  system_stm32f10x.o(.text)
    SystemCoreClockUpdate                    0x08000711   Thumb Code   142  system_stm32f10x.o(.text)
    LED_Init                                 0x080007c5   Thumb Code    68  led.o(.text)
    KEY_Init                                 0x08000811   Thumb Code    52  key.o(.text)
    KEY_Scan                                 0x08000845   Thumb Code   212  key.o(.text)
    RTC_Get_Week                             0x08000945   Thumb Code   116  rtc.o(.text)
    Is_Leap_Year                             0x080009b9   Thumb Code    58  rtc.o(.text)
    RTC_Get                                  0x080009f3   Thumb Code   240  rtc.o(.text)
    RTC_Set                                  0x08000ae3   Thumb Code   184  rtc.o(.text)
    RTC_Init                                 0x08000b9b   Thumb Code   192  rtc.o(.text)
    RTC_IRQHandler                           0x08000c5b   Thumb Code    76  rtc.o(.text)
    RTC_Alarm_Set                            0x08000ca7   Thumb Code   184  rtc.o(.text)
    OLED_WR_Byte                             0x08000d9d   Thumb Code    80  oled.o(.text)
    OLED_Refresh_Gram                        0x08000ded   Thumb Code    70  oled.o(.text)
    OLED_Display_On                          0x08000e33   Thumb Code    28  oled.o(.text)
    OLED_Display_Off                         0x08000e4f   Thumb Code    28  oled.o(.text)
    OLED_Clear                               0x08000e6b   Thumb Code    42  oled.o(.text)
    OLED_DrawPoint                           0x08000e95   Thumb Code   100  oled.o(.text)
    OLED_Fill                                0x08000ef9   Thumb Code    58  oled.o(.text)
    OLED_ShowChar                            0x08000f33   Thumb Code   254  oled.o(.text)
    mypow                                    0x08001031   Thumb Code    22  oled.o(.text)
    OLED_ShowNum                             0x08001047   Thumb Code   148  oled.o(.text)
    OLED_ShowString                          0x080010db   Thumb Code    94  oled.o(.text)
    OLED_Init                                0x08001139   Thumb Code   374  oled.o(.text)
    fill_the_spaces                          0x080012af   Thumb Code    56  oled.o(.text)
    DS18B20_Rst                              0x0800130d   Thumb Code    54  ds18b20.o(.text)
    DS18B20_Check                            0x08001343   Thumb Code    96  ds18b20.o(.text)
    DS18B20_Read_Bit                         0x080013a3   Thumb Code    96  ds18b20.o(.text)
    DS18B20_Read_Byte                        0x08001403   Thumb Code    34  ds18b20.o(.text)
    DS18B20_Write_Byte                       0x08001425   Thumb Code   102  ds18b20.o(.text)
    DS18B20_Start                            0x0800148b   Thumb Code    24  ds18b20.o(.text)
    DS18B20_Init                             0x080014a3   Thumb Code    58  ds18b20.o(.text)
    DS18B20_Get_Temp                         0x080014dd   Thumb Code   136  ds18b20.o(.text)
    Adc_Init                                 0x08001575   Thumb Code   182  adc.o(.text)
    Get_Adc                                  0x0800162b   Thumb Code    46  adc.o(.text)
    Get_Adc_Average                          0x08001659   Thumb Code    46  adc.o(.text)
    get_Voltage                              0x08001687   Thumb Code    94  adc.o(.text)
    Driver_Init_Y                            0x080016f9   Thumb Code    54  driver.o(.text)
    TIM8_OPM_RCR_Init                        0x0800172f   Thumb Code   218  driver.o(.text)
    TIM8_UP_IRQHandler                       0x08001809   Thumb Code   192  driver.o(.text)
    TIM8_Startup                             0x080018c9   Thumb Code    48  driver.o(.text)
    Locate_Rle_Y                             0x080018f9   Thumb Code   130  driver.o(.text)
    Locate_Rle_Y_dis                         0x0800197b   Thumb Code   142  driver.o(.text)
    Locate_Abs_Y                             0x08001a09   Thumb Code   166  driver.o(.text)
    Driver_Init_X                            0x08001aaf   Thumb Code    60  driver.o(.text)
    TIM1_OPM_RCR_Init                        0x08001aeb   Thumb Code   274  driver.o(.text)
    TIM1_UP_IRQHandler                       0x08001bfd   Thumb Code   192  driver.o(.text)
    TIM1_Startup                             0x08001cbd   Thumb Code    48  driver.o(.text)
    Locate_Rle_X                             0x08001ced   Thumb Code   130  driver.o(.text)
    Locate_Rle_X_dis                         0x08001d6f   Thumb Code   142  driver.o(.text)
    Locate_Abs_X                             0x08001dfd   Thumb Code   166  driver.o(.text)
    TIM6_Int_Init                            0x08001ed5   Thumb Code    92  timer.o(.text)
    TIM6_IRQHandler                          0x08001f31   Thumb Code    92  timer.o(.text)
    TIM3_Int_Init                            0x08001f8d   Thumb Code    90  timer.o(.text)
    TIM3_IRQHandler                          0x08001fe7   Thumb Code    38  timer.o(.text)
    TIM3_PWM_Init                            0x0800200d   Thumb Code   130  timer.o(.text)
    delay_init                               0x080020b1   Thumb Code    50  delay.o(.text)
    delay_us                                 0x080020e3   Thumb Code    72  delay.o(.text)
    delay_ms                                 0x0800212b   Thumb Code    72  delay.o(.text)
    _sys_exit                                0x08002185   Thumb Code     6  usart.o(.text)
    fputc                                    0x0800218b   Thumb Code    24  usart.o(.text)
    uart_init                                0x080021a3   Thumb Code   152  usart.o(.text)
    USART1_IRQHandler                        0x0800223b   Thumb Code   122  usart.o(.text)
    Reset_Handler                            0x080022c5   Thumb Code     8  startup_stm32f10x_hd.o(.text)
    ADC1_2_IRQHandler                        0x080022df   Thumb Code     0  startup_stm32f10x_hd.o(.text)
    ADC3_IRQHandler                          0x080022df   Thumb Code     0  startup_stm32f10x_hd.o(.text)
    CAN1_RX1_IRQHandler                      0x080022df   Thumb Code     0  startup_stm32f10x_hd.o(.text)
    CAN1_SCE_IRQHandler                      0x080022df   Thumb Code     0  startup_stm32f10x_hd.o(.text)
    DMA1_Channel1_IRQHandler                 0x080022df   Thumb Code     0  startup_stm32f10x_hd.o(.text)
    DMA1_Channel2_IRQHandler                 0x080022df   Thumb Code     0  startup_stm32f10x_hd.o(.text)
    DMA1_Channel3_IRQHandler                 0x080022df   Thumb Code     0  startup_stm32f10x_hd.o(.text)
    DMA1_Channel4_IRQHandler                 0x080022df   Thumb Code     0  startup_stm32f10x_hd.o(.text)
    DMA1_Channel5_IRQHandler                 0x080022df   Thumb Code     0  startup_stm32f10x_hd.o(.text)
    DMA1_Channel6_IRQHandler                 0x080022df   Thumb Code     0  startup_stm32f10x_hd.o(.text)
    DMA1_Channel7_IRQHandler                 0x080022df   Thumb Code     0  startup_stm32f10x_hd.o(.text)
    DMA2_Channel1_IRQHandler                 0x080022df   Thumb Code     0  startup_stm32f10x_hd.o(.text)
    DMA2_Channel2_IRQHandler                 0x080022df   Thumb Code     0  startup_stm32f10x_hd.o(.text)
    DMA2_Channel3_IRQHandler                 0x080022df   Thumb Code     0  startup_stm32f10x_hd.o(.text)
    DMA2_Channel4_5_IRQHandler               0x080022df   Thumb Code     0  startup_stm32f10x_hd.o(.text)
    EXTI0_IRQHandler                         0x080022df   Thumb Code     0  startup_stm32f10x_hd.o(.text)
    EXTI15_10_IRQHandler                     0x080022df   Thumb Code     0  startup_stm32f10x_hd.o(.text)
    EXTI1_IRQHandler                         0x080022df   Thumb Code     0  startup_stm32f10x_hd.o(.text)
    EXTI2_IRQHandler                         0x080022df   Thumb Code     0  startup_stm32f10x_hd.o(.text)
    EXTI3_IRQHandler                         0x080022df   Thumb Code     0  startup_stm32f10x_hd.o(.text)
    EXTI4_IRQHandler                         0x080022df   Thumb Code     0  startup_stm32f10x_hd.o(.text)
    EXTI9_5_IRQHandler                       0x080022df   Thumb Code     0  startup_stm32f10x_hd.o(.text)
    FLASH_IRQHandler                         0x080022df   Thumb Code     0  startup_stm32f10x_hd.o(.text)
    FSMC_IRQHandler                          0x080022df   Thumb Code     0  startup_stm32f10x_hd.o(.text)
    I2C1_ER_IRQHandler                       0x080022df   Thumb Code     0  startup_stm32f10x_hd.o(.text)
    I2C1_EV_IRQHandler                       0x080022df   Thumb Code     0  startup_stm32f10x_hd.o(.text)
    I2C2_ER_IRQHandler                       0x080022df   Thumb Code     0  startup_stm32f10x_hd.o(.text)
    I2C2_EV_IRQHandler                       0x080022df   Thumb Code     0  startup_stm32f10x_hd.o(.text)
    PVD_IRQHandler                           0x080022df   Thumb Code     0  startup_stm32f10x_hd.o(.text)
    RCC_IRQHandler                           0x080022df   Thumb Code     0  startup_stm32f10x_hd.o(.text)
    RTCAlarm_IRQHandler                      0x080022df   Thumb Code     0  startup_stm32f10x_hd.o(.text)
    SDIO_IRQHandler                          0x080022df   Thumb Code     0  startup_stm32f10x_hd.o(.text)
    SPI1_IRQHandler                          0x080022df   Thumb Code     0  startup_stm32f10x_hd.o(.text)
    SPI2_IRQHandler                          0x080022df   Thumb Code     0  startup_stm32f10x_hd.o(.text)
    SPI3_IRQHandler                          0x080022df   Thumb Code     0  startup_stm32f10x_hd.o(.text)
    TAMPER_IRQHandler                        0x080022df   Thumb Code     0  startup_stm32f10x_hd.o(.text)
    TIM1_BRK_IRQHandler                      0x080022df   Thumb Code     0  startup_stm32f10x_hd.o(.text)
    TIM1_CC_IRQHandler                       0x080022df   Thumb Code     0  startup_stm32f10x_hd.o(.text)
    TIM1_TRG_COM_IRQHandler                  0x080022df   Thumb Code     0  startup_stm32f10x_hd.o(.text)
    TIM2_IRQHandler                          0x080022df   Thumb Code     0  startup_stm32f10x_hd.o(.text)
    TIM5_IRQHandler                          0x080022df   Thumb Code     0  startup_stm32f10x_hd.o(.text)
    TIM7_IRQHandler                          0x080022df   Thumb Code     0  startup_stm32f10x_hd.o(.text)
    TIM8_BRK_IRQHandler                      0x080022df   Thumb Code     0  startup_stm32f10x_hd.o(.text)
    TIM8_CC_IRQHandler                       0x080022df   Thumb Code     0  startup_stm32f10x_hd.o(.text)
    TIM8_TRG_COM_IRQHandler                  0x080022df   Thumb Code     0  startup_stm32f10x_hd.o(.text)
    UART4_IRQHandler                         0x080022df   Thumb Code     0  startup_stm32f10x_hd.o(.text)
    UART5_IRQHandler                         0x080022df   Thumb Code     0  startup_stm32f10x_hd.o(.text)
    USART2_IRQHandler                        0x080022df   Thumb Code     0  startup_stm32f10x_hd.o(.text)
    USART3_IRQHandler                        0x080022df   Thumb Code     0  startup_stm32f10x_hd.o(.text)
    USBWakeUp_IRQHandler                     0x080022df   Thumb Code     0  startup_stm32f10x_hd.o(.text)
    USB_HP_CAN1_TX_IRQHandler                0x080022df   Thumb Code     0  startup_stm32f10x_hd.o(.text)
    USB_LP_CAN1_RX0_IRQHandler               0x080022df   Thumb Code     0  startup_stm32f10x_hd.o(.text)
    WWDG_IRQHandler                          0x080022df   Thumb Code     0  startup_stm32f10x_hd.o(.text)
    __user_initial_stackheap                 0x080022e1   Thumb Code     0  startup_stm32f10x_hd.o(.text)
    NVIC_PriorityGroupConfig                 0x08002305   Thumb Code    10  misc.o(.text)
    NVIC_Init                                0x0800230f   Thumb Code   100  misc.o(.text)
    NVIC_SetVectorTable                      0x08002373   Thumb Code    14  misc.o(.text)
    NVIC_SystemLPConfig                      0x08002381   Thumb Code    34  misc.o(.text)
    SysTick_CLKSourceConfig                  0x080023a3   Thumb Code    40  misc.o(.text)
    BKP_DeInit                               0x080023e1   Thumb Code    16  stm32f10x_bkp.o(.text)
    BKP_TamperPinLevelConfig                 0x080023f1   Thumb Code     6  stm32f10x_bkp.o(.text)
    BKP_TamperPinCmd                         0x080023f7   Thumb Code     8  stm32f10x_bkp.o(.text)
    BKP_ITConfig                             0x080023ff   Thumb Code     8  stm32f10x_bkp.o(.text)
    BKP_RTCOutputConfig                      0x08002407   Thumb Code    22  stm32f10x_bkp.o(.text)
    BKP_SetRTCCalibrationValue               0x0800241d   Thumb Code    22  stm32f10x_bkp.o(.text)
    BKP_WriteBackupRegister                  0x08002433   Thumb Code    24  stm32f10x_bkp.o(.text)
    BKP_ReadBackupRegister                   0x0800244b   Thumb Code    26  stm32f10x_bkp.o(.text)
    BKP_GetFlagStatus                        0x08002465   Thumb Code    10  stm32f10x_bkp.o(.text)
    BKP_ClearFlag                            0x0800246f   Thumb Code    18  stm32f10x_bkp.o(.text)
    BKP_GetITStatus                          0x08002481   Thumb Code    10  stm32f10x_bkp.o(.text)
    BKP_ClearITPendingBit                    0x0800248b   Thumb Code    18  stm32f10x_bkp.o(.text)
    GPIO_DeInit                              0x080024a5   Thumb Code   172  stm32f10x_gpio.o(.text)
    GPIO_AFIODeInit                          0x08002551   Thumb Code    20  stm32f10x_gpio.o(.text)
    GPIO_Init                                0x08002565   Thumb Code   278  stm32f10x_gpio.o(.text)
    GPIO_StructInit                          0x0800267b   Thumb Code    16  stm32f10x_gpio.o(.text)
    GPIO_ReadInputDataBit                    0x0800268b   Thumb Code    18  stm32f10x_gpio.o(.text)
    GPIO_ReadInputData                       0x0800269d   Thumb Code     8  stm32f10x_gpio.o(.text)
    GPIO_ReadOutputDataBit                   0x080026a5   Thumb Code    18  stm32f10x_gpio.o(.text)
    GPIO_ReadOutputData                      0x080026b7   Thumb Code     8  stm32f10x_gpio.o(.text)
    GPIO_SetBits                             0x080026bf   Thumb Code     4  stm32f10x_gpio.o(.text)
    GPIO_ResetBits                           0x080026c3   Thumb Code     4  stm32f10x_gpio.o(.text)
    GPIO_WriteBit                            0x080026c7   Thumb Code    10  stm32f10x_gpio.o(.text)
    GPIO_Write                               0x080026d1   Thumb Code     4  stm32f10x_gpio.o(.text)
    GPIO_PinLockConfig                       0x080026d5   Thumb Code    18  stm32f10x_gpio.o(.text)
    GPIO_EventOutputConfig                   0x080026e7   Thumb Code    26  stm32f10x_gpio.o(.text)
    GPIO_EventOutputCmd                      0x08002701   Thumb Code     6  stm32f10x_gpio.o(.text)
    GPIO_PinRemapConfig                      0x08002707   Thumb Code   138  stm32f10x_gpio.o(.text)
    GPIO_EXTILineConfig                      0x08002791   Thumb Code    66  stm32f10x_gpio.o(.text)
    GPIO_ETH_MediaInterfaceConfig            0x080027d3   Thumb Code     8  stm32f10x_gpio.o(.text)
    PWR_DeInit                               0x08002801   Thumb Code    22  stm32f10x_pwr.o(.text)
    PWR_BackupAccessCmd                      0x08002817   Thumb Code     6  stm32f10x_pwr.o(.text)
    PWR_PVDCmd                               0x0800281d   Thumb Code     6  stm32f10x_pwr.o(.text)
    PWR_PVDLevelConfig                       0x08002823   Thumb Code    18  stm32f10x_pwr.o(.text)
    PWR_WakeUpPinCmd                         0x08002835   Thumb Code     8  stm32f10x_pwr.o(.text)
    PWR_EnterSTOPMode                        0x0800283d   Thumb Code    54  stm32f10x_pwr.o(.text)
    PWR_EnterSTANDBYMode                     0x08002873   Thumb Code    42  stm32f10x_pwr.o(.text)
    PWR_GetFlagStatus                        0x0800289d   Thumb Code    20  stm32f10x_pwr.o(.text)
    PWR_ClearFlag                            0x080028b1   Thumb Code    14  stm32f10x_pwr.o(.text)
    RCC_DeInit                               0x080028cd   Thumb Code    64  stm32f10x_rcc.o(.text)
    RCC_HSEConfig                            0x0800290d   Thumb Code    70  stm32f10x_rcc.o(.text)
    RCC_GetFlagStatus                        0x08002953   Thumb Code    56  stm32f10x_rcc.o(.text)
    RCC_WaitForHSEStartUp                    0x0800298b   Thumb Code    56  stm32f10x_rcc.o(.text)
    RCC_AdjustHSICalibrationValue            0x080029c3   Thumb Code    20  stm32f10x_rcc.o(.text)
    RCC_HSICmd                               0x080029d7   Thumb Code     6  stm32f10x_rcc.o(.text)
    RCC_PLLConfig                            0x080029dd   Thumb Code    24  stm32f10x_rcc.o(.text)
    RCC_PLLCmd                               0x080029f5   Thumb Code     6  stm32f10x_rcc.o(.text)
    RCC_SYSCLKConfig                         0x080029fb   Thumb Code    18  stm32f10x_rcc.o(.text)
    RCC_GetSYSCLKSource                      0x08002a0d   Thumb Code    10  stm32f10x_rcc.o(.text)
    RCC_HCLKConfig                           0x08002a17   Thumb Code    18  stm32f10x_rcc.o(.text)
    RCC_PCLK1Config                          0x08002a29   Thumb Code    18  stm32f10x_rcc.o(.text)
    RCC_PCLK2Config                          0x08002a3b   Thumb Code    20  stm32f10x_rcc.o(.text)
    RCC_ITConfig                             0x08002a4f   Thumb Code    26  stm32f10x_rcc.o(.text)
    RCC_USBCLKConfig                         0x08002a69   Thumb Code     8  stm32f10x_rcc.o(.text)
    RCC_ADCCLKConfig                         0x08002a71   Thumb Code    18  stm32f10x_rcc.o(.text)
    RCC_LSEConfig                            0x08002a83   Thumb Code    50  stm32f10x_rcc.o(.text)
    RCC_LSICmd                               0x08002ab5   Thumb Code     6  stm32f10x_rcc.o(.text)
    RCC_RTCCLKConfig                         0x08002abb   Thumb Code    12  stm32f10x_rcc.o(.text)
    RCC_RTCCLKCmd                            0x08002ac7   Thumb Code     8  stm32f10x_rcc.o(.text)
    RCC_GetClocksFreq                        0x08002acf   Thumb Code   192  stm32f10x_rcc.o(.text)
    RCC_AHBPeriphClockCmd                    0x08002b8f   Thumb Code    26  stm32f10x_rcc.o(.text)
    RCC_APB2PeriphClockCmd                   0x08002ba9   Thumb Code    26  stm32f10x_rcc.o(.text)
    RCC_APB1PeriphClockCmd                   0x08002bc3   Thumb Code    26  stm32f10x_rcc.o(.text)
    RCC_APB2PeriphResetCmd                   0x08002bdd   Thumb Code    26  stm32f10x_rcc.o(.text)
    RCC_APB1PeriphResetCmd                   0x08002bf7   Thumb Code    26  stm32f10x_rcc.o(.text)
    RCC_BackupResetCmd                       0x08002c11   Thumb Code     8  stm32f10x_rcc.o(.text)
    RCC_ClockSecuritySystemCmd               0x08002c19   Thumb Code     6  stm32f10x_rcc.o(.text)
    RCC_MCOConfig                            0x08002c1f   Thumb Code     6  stm32f10x_rcc.o(.text)
    RCC_ClearFlag                            0x08002c25   Thumb Code    14  stm32f10x_rcc.o(.text)
    RCC_GetITStatus                          0x08002c33   Thumb Code    20  stm32f10x_rcc.o(.text)
    RCC_ClearITPendingBit                    0x08002c47   Thumb Code     6  stm32f10x_rcc.o(.text)
    USART_DeInit                             0x08002c71   Thumb Code   134  stm32f10x_usart.o(.text)
    USART_Init                               0x08002cf7   Thumb Code   210  stm32f10x_usart.o(.text)
    USART_StructInit                         0x08002dc9   Thumb Code    24  stm32f10x_usart.o(.text)
    USART_ClockInit                          0x08002de1   Thumb Code    34  stm32f10x_usart.o(.text)
    USART_ClockStructInit                    0x08002e03   Thumb Code    12  stm32f10x_usart.o(.text)
    USART_Cmd                                0x08002e0f   Thumb Code    24  stm32f10x_usart.o(.text)
    USART_ITConfig                           0x08002e27   Thumb Code    74  stm32f10x_usart.o(.text)
    USART_DMACmd                             0x08002e71   Thumb Code    18  stm32f10x_usart.o(.text)
    USART_SetAddress                         0x08002e83   Thumb Code    18  stm32f10x_usart.o(.text)
    USART_WakeUpConfig                       0x08002e95   Thumb Code    18  stm32f10x_usart.o(.text)
    USART_ReceiverWakeUpCmd                  0x08002ea7   Thumb Code    24  stm32f10x_usart.o(.text)
    USART_LINBreakDetectLengthConfig         0x08002ebf   Thumb Code    18  stm32f10x_usart.o(.text)
    USART_LINCmd                             0x08002ed1   Thumb Code    24  stm32f10x_usart.o(.text)
    USART_SendData                           0x08002ee9   Thumb Code     8  stm32f10x_usart.o(.text)
    USART_ReceiveData                        0x08002ef1   Thumb Code    10  stm32f10x_usart.o(.text)
    USART_SendBreak                          0x08002efb   Thumb Code    10  stm32f10x_usart.o(.text)
    USART_SetGuardTime                       0x08002f05   Thumb Code    16  stm32f10x_usart.o(.text)
    USART_SetPrescaler                       0x08002f15   Thumb Code    16  stm32f10x_usart.o(.text)
    USART_SmartCardCmd                       0x08002f25   Thumb Code    24  stm32f10x_usart.o(.text)
    USART_SmartCardNACKCmd                   0x08002f3d   Thumb Code    24  stm32f10x_usart.o(.text)
    USART_HalfDuplexCmd                      0x08002f55   Thumb Code    24  stm32f10x_usart.o(.text)
    USART_OverSampling8Cmd                   0x08002f6d   Thumb Code    22  stm32f10x_usart.o(.text)
    USART_OneBitMethodCmd                    0x08002f83   Thumb Code    24  stm32f10x_usart.o(.text)
    USART_IrDAConfig                         0x08002f9b   Thumb Code    18  stm32f10x_usart.o(.text)
    USART_IrDACmd                            0x08002fad   Thumb Code    24  stm32f10x_usart.o(.text)
    USART_GetFlagStatus                      0x08002fc5   Thumb Code    26  stm32f10x_usart.o(.text)
    USART_ClearFlag                          0x08002fdf   Thumb Code    18  stm32f10x_usart.o(.text)
    USART_GetITStatus                        0x08002ff1   Thumb Code    84  stm32f10x_usart.o(.text)
    USART_ClearITPendingBit                  0x08003045   Thumb Code    52  stm32f10x_usart.o(.text)
    RTC_ITConfig                             0x08003079   Thumb Code    26  stm32f10x_rtc.o(.text)
    RTC_EnterConfigMode                      0x08003093   Thumb Code    18  stm32f10x_rtc.o(.text)
    RTC_ExitConfigMode                       0x080030a5   Thumb Code    20  stm32f10x_rtc.o(.text)
    RTC_GetCounter                           0x080030b9   Thumb Code    18  stm32f10x_rtc.o(.text)
    RTC_SetCounter                           0x080030cb   Thumb Code    26  stm32f10x_rtc.o(.text)
    RTC_SetPrescaler                         0x080030e5   Thumb Code    28  stm32f10x_rtc.o(.text)
    RTC_SetAlarm                             0x08003101   Thumb Code    26  stm32f10x_rtc.o(.text)
    RTC_GetDivider                           0x0800311b   Thumb Code    22  stm32f10x_rtc.o(.text)
    RTC_WaitForLastTask                      0x08003131   Thumb Code    18  stm32f10x_rtc.o(.text)
    RTC_WaitForSynchro                       0x08003143   Thumb Code    36  stm32f10x_rtc.o(.text)
    RTC_GetFlagStatus                        0x08003167   Thumb Code    22  stm32f10x_rtc.o(.text)
    RTC_ClearFlag                            0x0800317d   Thumb Code    16  stm32f10x_rtc.o(.text)
    RTC_GetITStatus                          0x0800318d   Thumb Code    32  stm32f10x_rtc.o(.text)
    RTC_ClearITPendingBit                    0x080031ad   Thumb Code    16  stm32f10x_rtc.o(.text)
    TIM_DeInit                               0x080031c1   Thumb Code   424  stm32f10x_tim.o(.text)
    TIM_TimeBaseInit                         0x08003369   Thumb Code   122  stm32f10x_tim.o(.text)
    TIM_OC1Init                              0x080033e3   Thumb Code   132  stm32f10x_tim.o(.text)
    TIM_OC2Init                              0x08003467   Thumb Code   154  stm32f10x_tim.o(.text)
    TIM_OC3Init                              0x08003501   Thumb Code   150  stm32f10x_tim.o(.text)
    TIM_OC4Init                              0x08003597   Thumb Code   182  stm32f10x_tim.o(.text)
    TIM_SetIC4Prescaler                      0x0800364d   Thumb Code    26  stm32f10x_tim.o(.text)
    TIM_SetIC3Prescaler                      0x080036e9   Thumb Code    18  stm32f10x_tim.o(.text)
    TIM_SetIC2Prescaler                      0x08003775   Thumb Code    26  stm32f10x_tim.o(.text)
    TIM_SetIC1Prescaler                      0x08003811   Thumb Code    18  stm32f10x_tim.o(.text)
    TIM_ICInit                               0x0800388f   Thumb Code   150  stm32f10x_tim.o(.text)
    TIM_PWMIConfig                           0x08003925   Thumb Code   124  stm32f10x_tim.o(.text)
    TIM_BDTRConfig                           0x080039a1   Thumb Code    32  stm32f10x_tim.o(.text)
    TIM_TimeBaseStructInit                   0x080039c1   Thumb Code    18  stm32f10x_tim.o(.text)
    TIM_OCStructInit                         0x080039d3   Thumb Code    20  stm32f10x_tim.o(.text)
    TIM_ICStructInit                         0x080039e7   Thumb Code    18  stm32f10x_tim.o(.text)
    TIM_BDTRStructInit                       0x080039f9   Thumb Code    40  stm32f10x_tim.o(.text)
    TIM_Cmd                                  0x08003a21   Thumb Code    24  stm32f10x_tim.o(.text)
    TIM_CtrlPWMOutputs                       0x08003a39   Thumb Code    30  stm32f10x_tim.o(.text)
    TIM_ITConfig                             0x08003a57   Thumb Code    18  stm32f10x_tim.o(.text)
    TIM_GenerateEvent                        0x08003a69   Thumb Code     4  stm32f10x_tim.o(.text)
    TIM_DMAConfig                            0x08003a6d   Thumb Code    10  stm32f10x_tim.o(.text)
    TIM_DMACmd                               0x08003a77   Thumb Code    18  stm32f10x_tim.o(.text)
    TIM_InternalClockConfig                  0x08003a89   Thumb Code    12  stm32f10x_tim.o(.text)
    TIM_SelectInputTrigger                   0x08003a95   Thumb Code    18  stm32f10x_tim.o(.text)
    TIM_ITRxExternalClockConfig              0x08003aa7   Thumb Code    24  stm32f10x_tim.o(.text)
    TIM_TIxExternalClockConfig               0x08003abf   Thumb Code    62  stm32f10x_tim.o(.text)
    TIM_ETRConfig                            0x08003afd   Thumb Code    28  stm32f10x_tim.o(.text)
    TIM_ETRClockMode1Config                  0x08003b19   Thumb Code    54  stm32f10x_tim.o(.text)
    TIM_ETRClockMode2Config                  0x08003b4f   Thumb Code    32  stm32f10x_tim.o(.text)
    TIM_PrescalerConfig                      0x08003b6f   Thumb Code     6  stm32f10x_tim.o(.text)
    TIM_CounterModeConfig                    0x08003b75   Thumb Code    18  stm32f10x_tim.o(.text)
    TIM_EncoderInterfaceConfig               0x08003b87   Thumb Code    66  stm32f10x_tim.o(.text)
    TIM_ForcedOC1Config                      0x08003bc9   Thumb Code    18  stm32f10x_tim.o(.text)
    TIM_ForcedOC2Config                      0x08003bdb   Thumb Code    26  stm32f10x_tim.o(.text)
    TIM_ForcedOC3Config                      0x08003bf5   Thumb Code    18  stm32f10x_tim.o(.text)
    TIM_ForcedOC4Config                      0x08003c07   Thumb Code    26  stm32f10x_tim.o(.text)
    TIM_ARRPreloadConfig                     0x08003c21   Thumb Code    24  stm32f10x_tim.o(.text)
    TIM_SelectCOM                            0x08003c39   Thumb Code    24  stm32f10x_tim.o(.text)
    TIM_SelectCCDMA                          0x08003c51   Thumb Code    24  stm32f10x_tim.o(.text)
    TIM_CCPreloadControl                     0x08003c69   Thumb Code    24  stm32f10x_tim.o(.text)
    TIM_OC1PreloadConfig                     0x08003c81   Thumb Code    18  stm32f10x_tim.o(.text)
    TIM_OC2PreloadConfig                     0x08003c93   Thumb Code    26  stm32f10x_tim.o(.text)
    TIM_OC3PreloadConfig                     0x08003cad   Thumb Code    18  stm32f10x_tim.o(.text)
    TIM_OC4PreloadConfig                     0x08003cbf   Thumb Code    26  stm32f10x_tim.o(.text)
    TIM_OC1FastConfig                        0x08003cd9   Thumb Code    18  stm32f10x_tim.o(.text)
    TIM_OC2FastConfig                        0x08003ceb   Thumb Code    26  stm32f10x_tim.o(.text)
    TIM_OC3FastConfig                        0x08003d05   Thumb Code    18  stm32f10x_tim.o(.text)
    TIM_OC4FastConfig                        0x08003d17   Thumb Code    26  stm32f10x_tim.o(.text)
    TIM_ClearOC1Ref                          0x08003d31   Thumb Code    18  stm32f10x_tim.o(.text)
    TIM_ClearOC2Ref                          0x08003d43   Thumb Code    24  stm32f10x_tim.o(.text)
    TIM_ClearOC3Ref                          0x08003d5b   Thumb Code    18  stm32f10x_tim.o(.text)
    TIM_ClearOC4Ref                          0x08003d6d   Thumb Code    24  stm32f10x_tim.o(.text)
    TIM_OC1PolarityConfig                    0x08003d85   Thumb Code    18  stm32f10x_tim.o(.text)
    TIM_OC1NPolarityConfig                   0x08003d97   Thumb Code    18  stm32f10x_tim.o(.text)
    TIM_OC2PolarityConfig                    0x08003da9   Thumb Code    26  stm32f10x_tim.o(.text)
    TIM_OC2NPolarityConfig                   0x08003dc3   Thumb Code    26  stm32f10x_tim.o(.text)
    TIM_OC3PolarityConfig                    0x08003ddd   Thumb Code    26  stm32f10x_tim.o(.text)
    TIM_OC3NPolarityConfig                   0x08003df7   Thumb Code    26  stm32f10x_tim.o(.text)
    TIM_OC4PolarityConfig                    0x08003e11   Thumb Code    26  stm32f10x_tim.o(.text)
    TIM_CCxCmd                               0x08003e2b   Thumb Code    30  stm32f10x_tim.o(.text)
    TIM_CCxNCmd                              0x08003e49   Thumb Code    30  stm32f10x_tim.o(.text)
    TIM_SelectOCxM                           0x08003e67   Thumb Code    82  stm32f10x_tim.o(.text)
    TIM_UpdateDisableConfig                  0x08003eb9   Thumb Code    24  stm32f10x_tim.o(.text)
    TIM_UpdateRequestConfig                  0x08003ed1   Thumb Code    24  stm32f10x_tim.o(.text)
    TIM_SelectHallSensor                     0x08003ee9   Thumb Code    24  stm32f10x_tim.o(.text)
    TIM_SelectOnePulseMode                   0x08003f01   Thumb Code    18  stm32f10x_tim.o(.text)
    TIM_SelectOutputTrigger                  0x08003f13   Thumb Code    18  stm32f10x_tim.o(.text)
    TIM_SelectSlaveMode                      0x08003f25   Thumb Code    18  stm32f10x_tim.o(.text)
    TIM_SelectMasterSlaveMode                0x08003f37   Thumb Code    18  stm32f10x_tim.o(.text)
    TIM_SetCounter                           0x08003f49   Thumb Code     4  stm32f10x_tim.o(.text)
    TIM_SetAutoreload                        0x08003f4d   Thumb Code     4  stm32f10x_tim.o(.text)
    TIM_SetCompare1                          0x08003f51   Thumb Code     4  stm32f10x_tim.o(.text)
    TIM_SetCompare2                          0x08003f55   Thumb Code     4  stm32f10x_tim.o(.text)
    TIM_SetCompare3                          0x08003f59   Thumb Code     4  stm32f10x_tim.o(.text)
    TIM_SetCompare4                          0x08003f5d   Thumb Code     6  stm32f10x_tim.o(.text)
    TIM_SetClockDivision                     0x08003f63   Thumb Code    18  stm32f10x_tim.o(.text)
    TIM_GetCapture1                          0x08003f75   Thumb Code     6  stm32f10x_tim.o(.text)
    TIM_GetCapture2                          0x08003f7b   Thumb Code     6  stm32f10x_tim.o(.text)
    TIM_GetCapture3                          0x08003f81   Thumb Code     6  stm32f10x_tim.o(.text)
    TIM_GetCapture4                          0x08003f87   Thumb Code     8  stm32f10x_tim.o(.text)
    TIM_GetCounter                           0x08003f8f   Thumb Code     6  stm32f10x_tim.o(.text)
    TIM_GetPrescaler                         0x08003f95   Thumb Code     6  stm32f10x_tim.o(.text)
    TIM_GetFlagStatus                        0x08003f9b   Thumb Code    18  stm32f10x_tim.o(.text)
    TIM_ClearFlag                            0x08003fad   Thumb Code     6  stm32f10x_tim.o(.text)
    TIM_GetITStatus                          0x08003fb3   Thumb Code    34  stm32f10x_tim.o(.text)
    TIM_ClearITPendingBit                    0x08003fd5   Thumb Code     6  stm32f10x_tim.o(.text)
    ADC_DeInit                               0x08003fdd   Thumb Code    78  stm32f10x_adc.o(.text)
    ADC_Init                                 0x0800402b   Thumb Code    70  stm32f10x_adc.o(.text)
    ADC_StructInit                           0x08004071   Thumb Code    18  stm32f10x_adc.o(.text)
    ADC_Cmd                                  0x08004083   Thumb Code    22  stm32f10x_adc.o(.text)
    ADC_DMACmd                               0x08004099   Thumb Code    22  stm32f10x_adc.o(.text)
    ADC_ITConfig                             0x080040af   Thumb Code    24  stm32f10x_adc.o(.text)
    ADC_ResetCalibration                     0x080040c7   Thumb Code    10  stm32f10x_adc.o(.text)
    ADC_GetResetCalibrationStatus            0x080040d1   Thumb Code    20  stm32f10x_adc.o(.text)
    ADC_StartCalibration                     0x080040e5   Thumb Code    10  stm32f10x_adc.o(.text)
    ADC_GetCalibrationStatus                 0x080040ef   Thumb Code    20  stm32f10x_adc.o(.text)
    ADC_SoftwareStartConvCmd                 0x08004103   Thumb Code    22  stm32f10x_adc.o(.text)
    ADC_GetSoftwareStartConvStatus           0x08004119   Thumb Code    20  stm32f10x_adc.o(.text)
    ADC_DiscModeChannelCountConfig           0x0800412d   Thumb Code    24  stm32f10x_adc.o(.text)
    ADC_DiscModeCmd                          0x08004145   Thumb Code    22  stm32f10x_adc.o(.text)
    ADC_RegularChannelConfig                 0x0800415b   Thumb Code   184  stm32f10x_adc.o(.text)
    ADC_ExternalTrigConvCmd                  0x08004213   Thumb Code    22  stm32f10x_adc.o(.text)
    ADC_GetConversionValue                   0x08004229   Thumb Code     8  stm32f10x_adc.o(.text)
    ADC_GetDualModeConversionValue           0x08004231   Thumb Code     8  stm32f10x_adc.o(.text)
    ADC_AutoInjectedConvCmd                  0x08004239   Thumb Code    22  stm32f10x_adc.o(.text)
    ADC_InjectedDiscModeCmd                  0x0800424f   Thumb Code    22  stm32f10x_adc.o(.text)
    ADC_ExternalTrigInjectedConvConfig       0x08004265   Thumb Code    16  stm32f10x_adc.o(.text)
    ADC_ExternalTrigInjectedConvCmd          0x08004275   Thumb Code    22  stm32f10x_adc.o(.text)
    ADC_SoftwareStartInjectedConvCmd         0x0800428b   Thumb Code    22  stm32f10x_adc.o(.text)
    ADC_GetSoftwareStartInjectedConvCmdStatus 0x080042a1   Thumb Code    20  stm32f10x_adc.o(.text)
    ADC_InjectedChannelConfig                0x080042b5   Thumb Code   130  stm32f10x_adc.o(.text)
    ADC_InjectedSequencerLengthConfig        0x08004337   Thumb Code    24  stm32f10x_adc.o(.text)
    ADC_SetInjectedOffset                    0x0800434f   Thumb Code    20  stm32f10x_adc.o(.text)
    ADC_GetInjectedConversionValue           0x08004363   Thumb Code    28  stm32f10x_adc.o(.text)
    ADC_AnalogWatchdogCmd                    0x0800437f   Thumb Code    16  stm32f10x_adc.o(.text)
    ADC_AnalogWatchdogThresholdsConfig       0x0800438f   Thumb Code     6  stm32f10x_adc.o(.text)
    ADC_AnalogWatchdogSingleChannelConfig    0x08004395   Thumb Code    16  stm32f10x_adc.o(.text)
    ADC_TempSensorVrefintCmd                 0x080043a5   Thumb Code    64  stm32f10x_adc.o(.text)
    ADC_GetFlagStatus                        0x080043e5   Thumb Code    18  stm32f10x_adc.o(.text)
    ADC_ClearFlag                            0x080043f7   Thumb Code     6  stm32f10x_adc.o(.text)
    ADC_GetITStatus                          0x080043fd   Thumb Code    36  stm32f10x_adc.o(.text)
    ADC_ClearITPendingBit                    0x08004421   Thumb Code    10  stm32f10x_adc.o(.text)
    usmart_sys_cmd_exe                       0x0800442d   Thumb Code  1554  usmart.o(.text)
    usmart_reset_runtime                     0x08004a3f   Thumb Code    38  usmart.o(.text)
    usmart_get_runtime                       0x08004a65   Thumb Code    60  usmart.o(.text)
    TIM4_IRQHandler                          0x08004aa1   Thumb Code    46  usmart.o(.text)
    Timer4_Init                              0x08004acf   Thumb Code    88  usmart.o(.text)
    usmart_init                              0x08004b27   Thumb Code    36  usmart.o(.text)
    usmart_cmd_rec                           0x08004b4b   Thumb Code   170  usmart.o(.text)
    usmart_exe                               0x08004bf5   Thumb Code   870  usmart.o(.text)
    usmart_scan                              0x08004f5b   Thumb Code   120  usmart.o(.text)
    read_addr                                0x08004fd3   Thumb Code     6  usmart.o(.text)
    write_addr                               0x08004fd9   Thumb Code     4  usmart.o(.text)
    usmart_strcmp                            0x08005065   Thumb Code    34  usmart_str.o(.text)
    usmart_strcopy                           0x08005087   Thumb Code    22  usmart_str.o(.text)
    usmart_strlen                            0x0800509d   Thumb Code    24  usmart_str.o(.text)
    usmart_pow                               0x080050b5   Thumb Code    22  usmart_str.o(.text)
    usmart_str2num                           0x080050cb   Thumb Code   202  usmart_str.o(.text)
    usmart_get_cmdname                       0x08005195   Thumb Code    54  usmart_str.o(.text)
    usmart_search_nextc                      0x080051cb   Thumb Code    22  usmart_str.o(.text)
    usmart_get_fname                         0x080051e1   Thumb Code   440  usmart_str.o(.text)
    usmart_get_aparm                         0x08005399   Thumb Code   200  usmart_str.o(.text)
    usmart_get_parmpos                       0x08005461   Thumb Code    26  usmart_str.o(.text)
    usmart_get_fparam                        0x0800547b   Thumb Code   262  usmart_str.o(.text)
    __use_no_semihosting                     0x0800558d   Thumb Code     2  use_no_semi_2.o(.text)
    __2printf                                0x08005591   Thumb Code    20  noretval__2printf.o(.text)
    _printf_pre_padding                      0x080055a9   Thumb Code    44  _printf_pad.o(.text)
    _printf_post_padding                     0x080055d5   Thumb Code    34  _printf_pad.o(.text)
    _printf_str                              0x080055f7   Thumb Code    82  _printf_str.o(.text)
    _printf_int_dec                          0x08005649   Thumb Code   104  _printf_dec.o(.text)
    _printf_int_hex                          0x080056c1   Thumb Code    84  _printf_hex_int.o(.text)
    _printf_longlong_hex                     0x080056c1   Thumb Code     0  _printf_hex_int.o(.text)
    __printf                                 0x08005719   Thumb Code   388  __printf_flags_ss_wp.o(.text)
    __use_two_region_memory                  0x080058a1   Thumb Code     2  heapauxi.o(.text)
    __rt_heap_escrow$2region                 0x080058a3   Thumb Code     2  heapauxi.o(.text)
    __rt_heap_expand$2region                 0x080058a5   Thumb Code     2  heapauxi.o(.text)
    __I$use$semihosting                      0x080058a7   Thumb Code     0  use_no_semi.o(.text)
    __use_no_semihosting_swi                 0x080058a7   Thumb Code     2  use_no_semi.o(.text)
    _printf_int_common                       0x080058a9   Thumb Code   178  _printf_intcommon.o(.text)
    _printf_cs_common                        0x0800595b   Thumb Code    20  _printf_char.o(.text)
    _printf_char                             0x0800596f   Thumb Code    16  _printf_char.o(.text)
    _printf_string                           0x0800597f   Thumb Code     8  _printf_char.o(.text)
    _printf_char_file                        0x08005989   Thumb Code    32  _printf_char_file.o(.text)
    _printf_char_common                      0x080059b7   Thumb Code    32  _printf_char_common.o(.text)
    ferror                                   0x080059dd   Thumb Code     8  ferror.o(.text)
    __user_setup_stackheap                   0x080059e5   Thumb Code    74  sys_stackheap_outer.o(.text)
    exit                                     0x08005a2f   Thumb Code    12  exit.o(.text)
    __user_libspace                          0x08005a3d   Thumb Code     8  libspace.o(.text)
    __user_perproc_libspace                  0x08005a3d   Thumb Code     0  libspace.o(.text)
    __user_perthread_libspace                0x08005a3d   Thumb Code     0  libspace.o(.text)
    _is_digit                                0x08005a45   Thumb Code    14  __printf_wp.o(i._is_digit)
    __aeabi_d2f                              0x08005a55   Thumb Code     0  d2f.o(x$fpl$d2f)
    _d2f                                     0x08005a55   Thumb Code    98  d2f.o(x$fpl$d2f)
    __aeabi_d2iz                             0x08005ab9   Thumb Code     0  dfix.o(x$fpl$dfix)
    _dfix                                    0x08005ab9   Thumb Code    94  dfix.o(x$fpl$dfix)
    __aeabi_dmul                             0x08005b19   Thumb Code     0  dmul.o(x$fpl$dmul)
    _dmul                                    0x08005b19   Thumb Code   332  dmul.o(x$fpl$dmul)
    __fpl_dnaninf                            0x08005c6d   Thumb Code   156  dnaninf.o(x$fpl$dnaninf)
    __fpl_dretinf                            0x08005d09   Thumb Code    12  dretinf.o(x$fpl$dretinf)
    __aeabi_f2d                              0x08005d15   Thumb Code     0  f2d.o(x$fpl$f2d)
    _f2d                                     0x08005d15   Thumb Code    86  f2d.o(x$fpl$f2d)
    __aeabi_fadd                             0x08005d6d   Thumb Code     0  faddsub_clz.o(x$fpl$fadd)
    _fadd                                    0x08005d6d   Thumb Code   196  faddsub_clz.o(x$fpl$fadd)
    __aeabi_f2uiz                            0x08005e31   Thumb Code     0  ffixu.o(x$fpl$ffixu)
    _ffixu                                   0x08005e31   Thumb Code    62  ffixu.o(x$fpl$ffixu)
    __aeabi_i2f                              0x08005e71   Thumb Code     0  fflt_clz.o(x$fpl$fflt)
    _fflt                                    0x08005e71   Thumb Code    48  fflt_clz.o(x$fpl$fflt)
    __aeabi_ui2f                             0x08005ea1   Thumb Code     0  fflt_clz.o(x$fpl$ffltu)
    _ffltu                                   0x08005ea1   Thumb Code    38  fflt_clz.o(x$fpl$ffltu)
    __aeabi_fmul                             0x08005ec9   Thumb Code     0  fmul.o(x$fpl$fmul)
    _fmul                                    0x08005ec9   Thumb Code   258  fmul.o(x$fpl$fmul)
    __fpl_fnaninf                            0x08005fcb   Thumb Code   140  fnaninf.o(x$fpl$fnaninf)
    __fpl_fretinf                            0x08006057   Thumb Code    10  fretinf.o(x$fpl$fretinf)
    __aeabi_frsub                            0x08006061   Thumb Code     0  faddsub_clz.o(x$fpl$frsb)
    _frsb                                    0x08006061   Thumb Code    20  faddsub_clz.o(x$fpl$frsb)
    __aeabi_fsub                             0x08006075   Thumb Code     0  faddsub_clz.o(x$fpl$fsub)
    _fsub                                    0x08006075   Thumb Code   234  faddsub_clz.o(x$fpl$fsub)
    __I$use$fp                               0x0800615e   Number         0  usenofp.o(x$fpl$usenofp)
    table_week                               0x0800615e   Data          12  rtc.o(.constdata)
    mon_table                                0x0800616a   Data          12  rtc.o(.constdata)
    asc2_1206                                0x08006176   Data        1140  oled.o(.constdata)
    asc2_1608                                0x080065ea   Data        1520  oled.o(.constdata)
    asc2_2412                                0x08006bda   Data        3420  oled.o(.constdata)
    Region$$Table$$Base                      0x08007a40   Number         0  anon$$obj.o(Region$$Table)
    Region$$Table$$Limit                     0x08007a60   Number         0  anon$$obj.o(Region$$Table)
    page_turning_flag                        0x20000000   Data           1  main.o(.data)
    PWM_duty_cycle                           0x20000002   Data           2  main.o(.data)
    KEY                                      0x20000004   Data           1  main.o(.data)
    SystemCoreClock                          0x20000008   Data           4  system_stm32f10x.o(.data)
    AHBPrescTable                            0x2000000c   Data          16  system_stm32f10x.o(.data)
    rcr_remainder_Y                          0x20000020   Data           1  driver.o(.data)
    is_rcr_finish_Y                          0x20000021   Data           1  driver.o(.data)
    finish_Y                                 0x20000024   Data           4  driver.o(.data)
    rcr_integer_Y                            0x20000028   Data           4  driver.o(.data)
    target_pos_Y                             0x2000002c   Data           4  driver.o(.data)
    current_pos_Y                            0x20000030   Data           4  driver.o(.data)
    motor_dir_Y                              0x20000034   Data           1  driver.o(.data)
    rcr_remainder_X                          0x20000035   Data           1  driver.o(.data)
    is_rcr_finish_X                          0x20000036   Data           1  driver.o(.data)
    finish_X                                 0x20000038   Data           4  driver.o(.data)
    rcr_integer_X                            0x2000003c   Data           4  driver.o(.data)
    target_pos_X                             0x20000040   Data           4  driver.o(.data)
    current_pos_X                            0x20000044   Data           4  driver.o(.data)
    motor_dir_X                              0x20000048   Data           1  driver.o(.data)
    page_turning_time                        0x20000049   Data           1  timer.o(.data)
    page_turning_time_out                    0x2000004a   Data           1  timer.o(.data)
    __stdout                                 0x20000050   Data           4  usart.o(.data)
    USART_RX_STA                             0x20000054   Data           2  usart.o(.data)
    sys_cmd_tab                              0x2000006c   Data          28  usmart.o(.data)
    usmart_nametab                           0x20000088   Data          40  usmart_config.o(.data)
    usmart_dev                               0x200000b0   Data         244  usmart_config.o(.data)
    calendar                                 0x200001a4   Data          10  rtc.o(.bss)
    OLED_GRAM                                0x200001ae   Data        1024  oled.o(.bss)
    USART_RX_BUF                             0x200005ae   Data         200  usart.o(.bss)
    __libspace_start                         0x20000678   Data          96  libspace.o(.bss)
    __temporary_stack_top$libspace           0x200006d8   Data           0  libspace.o(.bss)



==============================================================================

Memory Map of the image

  Image Entry point : 0x08000131

  Load Region LR_IROM1 (Base: 0x08000000, Size: 0x00007c04, Max: 0x00080000, ABSOLUTE, COMPRESSED[0x00007ad8])

    Execution Region ER_IROM1 (Base: 0x08000000, Size: 0x00007a60, Max: 0x00080000, ABSOLUTE)

    Base Addr    Size         Type   Attr      Idx    E Section Name        Object

    0x08000000   0x00000130   Data   RO          409    RESET               startup_stm32f10x_hd.o
    0x08000130   0x00000008   Code   RO          642  * !!!main             c_w.l(__main.o)
    0x08000138   0x00000034   Code   RO          850    !!!scatter          c_w.l(__scatter.o)
    0x0800016c   0x0000005a   Code   RO          848    !!dczerorl2         c_w.l(__dczerorl2.o)
    0x080001c6   0x00000002   PAD
    0x080001c8   0x0000001c   Code   RO          852    !!handler_zi        c_w.l(__scatter_zi.o)
    0x080001e4   0x00000000   Code   RO          639    .ARM.Collect$$_printf_percent$$00000000  c_w.l(_printf_percent.o)
    0x080001e4   0x00000006   Code   RO          637    .ARM.Collect$$_printf_percent$$00000009  c_w.l(_printf_d.o)
    0x080001ea   0x00000006   Code   RO          638    .ARM.Collect$$_printf_percent$$0000000A  c_w.l(_printf_u.o)
    0x080001f0   0x00000006   Code   RO          636    .ARM.Collect$$_printf_percent$$0000000C  c_w.l(_printf_x.o)
    0x080001f6   0x00000006   Code   RO          634    .ARM.Collect$$_printf_percent$$00000013  c_w.l(_printf_c.o)
    0x080001fc   0x00000006   Code   RO          635    .ARM.Collect$$_printf_percent$$00000014  c_w.l(_printf_s.o)
    0x08000202   0x00000004   Code   RO          681    .ARM.Collect$$_printf_percent$$00000017  c_w.l(_printf_percent_end.o)
    0x08000206   0x00000002   Code   RO          723    .ARM.Collect$$libinit$$00000000  c_w.l(libinit.o)
    0x08000208   0x00000000   Code   RO          730    .ARM.Collect$$libinit$$00000002  c_w.l(libinit2.o)
    0x08000208   0x00000000   Code   RO          732    .ARM.Collect$$libinit$$00000004  c_w.l(libinit2.o)
    0x08000208   0x00000000   Code   RO          735    .ARM.Collect$$libinit$$0000000A  c_w.l(libinit2.o)
    0x08000208   0x00000000   Code   RO          737    .ARM.Collect$$libinit$$0000000C  c_w.l(libinit2.o)
    0x08000208   0x00000000   Code   RO          739    .ARM.Collect$$libinit$$0000000E  c_w.l(libinit2.o)
    0x08000208   0x00000000   Code   RO          742    .ARM.Collect$$libinit$$00000011  c_w.l(libinit2.o)
    0x08000208   0x00000000   Code   RO          744    .ARM.Collect$$libinit$$00000013  c_w.l(libinit2.o)
    0x08000208   0x00000000   Code   RO          746    .ARM.Collect$$libinit$$00000015  c_w.l(libinit2.o)
    0x08000208   0x00000000   Code   RO          748    .ARM.Collect$$libinit$$00000017  c_w.l(libinit2.o)
    0x08000208   0x00000000   Code   RO          750    .ARM.Collect$$libinit$$00000019  c_w.l(libinit2.o)
    0x08000208   0x00000000   Code   RO          752    .ARM.Collect$$libinit$$0000001B  c_w.l(libinit2.o)
    0x08000208   0x00000000   Code   RO          754    .ARM.Collect$$libinit$$0000001D  c_w.l(libinit2.o)
    0x08000208   0x00000000   Code   RO          756    .ARM.Collect$$libinit$$0000001F  c_w.l(libinit2.o)
    0x08000208   0x00000000   Code   RO          758    .ARM.Collect$$libinit$$00000021  c_w.l(libinit2.o)
    0x08000208   0x00000000   Code   RO          760    .ARM.Collect$$libinit$$00000023  c_w.l(libinit2.o)
    0x08000208   0x00000000   Code   RO          762    .ARM.Collect$$libinit$$00000025  c_w.l(libinit2.o)
    0x08000208   0x00000000   Code   RO          766    .ARM.Collect$$libinit$$0000002C  c_w.l(libinit2.o)
    0x08000208   0x00000000   Code   RO          768    .ARM.Collect$$libinit$$0000002E  c_w.l(libinit2.o)
    0x08000208   0x00000000   Code   RO          770    .ARM.Collect$$libinit$$00000030  c_w.l(libinit2.o)
    0x08000208   0x00000000   Code   RO          772    .ARM.Collect$$libinit$$00000032  c_w.l(libinit2.o)
    0x08000208   0x00000002   Code   RO          773    .ARM.Collect$$libinit$$00000033  c_w.l(libinit2.o)
    0x0800020a   0x00000002   Code   RO          791    .ARM.Collect$$libshutdown$$00000000  c_w.l(libshutdown.o)
    0x0800020c   0x00000000   Code   RO          802    .ARM.Collect$$libshutdown$$00000003  c_w.l(libshutdown2.o)
    0x0800020c   0x00000000   Code   RO          805    .ARM.Collect$$libshutdown$$00000006  c_w.l(libshutdown2.o)
    0x0800020c   0x00000000   Code   RO          808    .ARM.Collect$$libshutdown$$00000009  c_w.l(libshutdown2.o)
    0x0800020c   0x00000000   Code   RO          810    .ARM.Collect$$libshutdown$$0000000B  c_w.l(libshutdown2.o)
    0x0800020c   0x00000000   Code   RO          813    .ARM.Collect$$libshutdown$$0000000E  c_w.l(libshutdown2.o)
    0x0800020c   0x00000002   Code   RO          814    .ARM.Collect$$libshutdown$$0000000F  c_w.l(libshutdown2.o)
    0x0800020e   0x00000000   Code   RO          674    .ARM.Collect$$rtentry$$00000000  c_w.l(__rtentry.o)
    0x0800020e   0x00000000   Code   RO          692    .ARM.Collect$$rtentry$$00000002  c_w.l(__rtentry2.o)
    0x0800020e   0x00000006   Code   RO          704    .ARM.Collect$$rtentry$$00000004  c_w.l(__rtentry4.o)
    0x08000214   0x00000000   Code   RO          694    .ARM.Collect$$rtentry$$00000009  c_w.l(__rtentry2.o)
    0x08000214   0x00000004   Code   RO          695    .ARM.Collect$$rtentry$$0000000A  c_w.l(__rtentry2.o)
    0x08000218   0x00000000   Code   RO          697    .ARM.Collect$$rtentry$$0000000C  c_w.l(__rtentry2.o)
    0x08000218   0x00000008   Code   RO          698    .ARM.Collect$$rtentry$$0000000D  c_w.l(__rtentry2.o)
    0x08000220   0x00000002   Code   RO          727    .ARM.Collect$$rtexit$$00000000  c_w.l(rtexit.o)
    0x08000222   0x00000000   Code   RO          775    .ARM.Collect$$rtexit$$00000002  c_w.l(rtexit2.o)
    0x08000222   0x00000004   Code   RO          776    .ARM.Collect$$rtexit$$00000003  c_w.l(rtexit2.o)
    0x08000226   0x00000006   Code   RO          777    .ARM.Collect$$rtexit$$00000004  c_w.l(rtexit2.o)
    0x0800022c   0x0000039c   Code   RO            1    .text               main.o
    0x080005c8   0x0000001a   Code   RO          155    .text               stm32f10x_it.o
    0x080005e2   0x00000002   PAD
    0x080005e4   0x000001e0   Code   RO          196    .text               system_stm32f10x.o
    0x080007c4   0x0000004c   Code   RO          214    .text               led.o
    0x08000810   0x00000114   Code   RO          226    .text               key.o
    0x08000924   0x00000478   Code   RO          239    .text               rtc.o
    0x08000d9c   0x00000570   Code   RO          259    .text               oled.o
    0x0800130c   0x00000268   Code   RO          281    .text               ds18b20.o
    0x08001574   0x00000184   Code   RO          293    .text               adc.o
    0x080016f8   0x000007dc   Code   RO          305    .text               driver.o
    0x08001ed4   0x000001dc   Code   RO          327    .text               timer.o
    0x080020b0   0x000000d4   Code   RO          343    .text               delay.o
    0x08002184   0x00000140   Code   RO          374    .text               usart.o
    0x080022c4   0x00000040   Code   RO          410    .text               startup_stm32f10x_hd.o
    0x08002304   0x000000dc   Code   RO          414    .text               misc.o
    0x080023e0   0x000000c4   Code   RO          426    .text               stm32f10x_bkp.o
    0x080024a4   0x0000035c   Code   RO          450    .text               stm32f10x_gpio.o
    0x08002800   0x000000cc   Code   RO          462    .text               stm32f10x_pwr.o
    0x080028cc   0x000003a4   Code   RO          474    .text               stm32f10x_rcc.o
    0x08002c70   0x00000408   Code   RO          488    .text               stm32f10x_usart.o
    0x08003078   0x00000148   Code   RO          500    .text               stm32f10x_rtc.o
    0x080031c0   0x00000e1a   Code   RO          512    .text               stm32f10x_tim.o
    0x08003fda   0x00000002   PAD
    0x08003fdc   0x0000044e   Code   RO          524    .text               stm32f10x_adc.o
    0x0800442a   0x00000002   PAD
    0x0800442c   0x00000c38   Code   RO          536    .text               usmart.o
    0x08005064   0x00000528   Code   RO          565    .text               usmart_str.o
    0x0800558c   0x00000002   Code   RO          579    .text               c_w.l(use_no_semi_2.o)
    0x0800558e   0x00000002   PAD
    0x08005590   0x00000018   Code   RO          583    .text               c_w.l(noretval__2printf.o)
    0x080055a8   0x0000004e   Code   RO          587    .text               c_w.l(_printf_pad.o)
    0x080055f6   0x00000052   Code   RO          589    .text               c_w.l(_printf_str.o)
    0x08005648   0x00000078   Code   RO          591    .text               c_w.l(_printf_dec.o)
    0x080056c0   0x00000058   Code   RO          596    .text               c_w.l(_printf_hex_int.o)
    0x08005718   0x00000188   Code   RO          631    .text               c_w.l(__printf_flags_ss_wp.o)
    0x080058a0   0x00000006   Code   RO          640    .text               c_w.l(heapauxi.o)
    0x080058a6   0x00000002   Code   RO          672    .text               c_w.l(use_no_semi.o)
    0x080058a8   0x000000b2   Code   RO          675    .text               c_w.l(_printf_intcommon.o)
    0x0800595a   0x0000002c   Code   RO          677    .text               c_w.l(_printf_char.o)
    0x08005986   0x00000002   PAD
    0x08005988   0x00000024   Code   RO          679    .text               c_w.l(_printf_char_file.o)
    0x080059ac   0x00000030   Code   RO          706    .text               c_w.l(_printf_char_common.o)
    0x080059dc   0x00000008   Code   RO          708    .text               c_w.l(ferror.o)
    0x080059e4   0x0000004a   Code   RO          712    .text               c_w.l(sys_stackheap_outer.o)
    0x08005a2e   0x0000000c   Code   RO          716    .text               c_w.l(exit.o)
    0x08005a3a   0x00000002   PAD
    0x08005a3c   0x00000008   Code   RO          724    .text               c_w.l(libspace.o)
    0x08005a44   0x0000000e   Code   RO          624    i._is_digit         c_w.l(__printf_wp.o)
    0x08005a52   0x00000002   PAD
    0x08005a54   0x00000062   Code   RO          644    x$fpl$d2f           fz_ws.l(d2f.o)
    0x08005ab6   0x00000002   PAD
    0x08005ab8   0x0000005e   Code   RO          646    x$fpl$dfix          fz_ws.l(dfix.o)
    0x08005b16   0x00000002   PAD
    0x08005b18   0x00000154   Code   RO          650    x$fpl$dmul          fz_ws.l(dmul.o)
    0x08005c6c   0x0000009c   Code   RO          682    x$fpl$dnaninf       fz_ws.l(dnaninf.o)
    0x08005d08   0x0000000c   Code   RO          684    x$fpl$dretinf       fz_ws.l(dretinf.o)
    0x08005d14   0x00000056   Code   RO          652    x$fpl$f2d           fz_ws.l(f2d.o)
    0x08005d6a   0x00000002   PAD
    0x08005d6c   0x000000c4   Code   RO          654    x$fpl$fadd          fz_ws.l(faddsub_clz.o)
    0x08005e30   0x0000003e   Code   RO          660    x$fpl$ffixu         fz_ws.l(ffixu.o)
    0x08005e6e   0x00000002   PAD
    0x08005e70   0x00000030   Code   RO          665    x$fpl$fflt          fz_ws.l(fflt_clz.o)
    0x08005ea0   0x00000026   Code   RO          664    x$fpl$ffltu         fz_ws.l(fflt_clz.o)
    0x08005ec6   0x00000002   PAD
    0x08005ec8   0x00000102   Code   RO          670    x$fpl$fmul          fz_ws.l(fmul.o)
    0x08005fca   0x0000008c   Code   RO          686    x$fpl$fnaninf       fz_ws.l(fnaninf.o)
    0x08006056   0x0000000a   Code   RO          688    x$fpl$fretinf       fz_ws.l(fretinf.o)
    0x08006060   0x00000014   Code   RO          655    x$fpl$frsb          fz_ws.l(faddsub_clz.o)
    0x08006074   0x000000ea   Code   RO          656    x$fpl$fsub          fz_ws.l(faddsub_clz.o)
    0x0800615e   0x00000000   Code   RO          690    x$fpl$usenofp       fz_ws.l(usenofp.o)
    0x0800615e   0x00000018   Data   RO          241    .constdata          rtc.o
    0x08006176   0x000017c0   Data   RO          261    .constdata          oled.o
    0x08007936   0x00000028   Data   RO          597    .constdata          c_w.l(_printf_hex_int.o)
    0x0800795e   0x00000011   Data   RO          632    .constdata          c_w.l(__printf_flags_ss_wp.o)
    0x0800796f   0x00000001   PAD
    0x08007970   0x00000028   Data   RO          537    .conststring        usmart.o
    0x08007998   0x000000a7   Data   RO          552    .conststring        usmart_config.o
    0x08007a3f   0x00000001   PAD
    0x08007a40   0x00000020   Data   RO          846    Region$$Table       anon$$obj.o


    Execution Region RW_IRAM1 (Base: 0x20000000, Size: 0x00000cd8, Max: 0x00010000, ABSOLUTE, COMPRESSED[0x00000078])

    Base Addr    Size         Type   Attr      Idx    E Section Name        Object

    0x20000000   0x00000005   Data   RW            2    .data               main.o
    0x20000005   0x00000003   PAD
    0x20000008   0x00000014   Data   RW          197    .data               system_stm32f10x.o
    0x2000001c   0x00000001   Data   RW          227    .data               key.o
    0x2000001d   0x00000001   PAD
    0x2000001e   0x00000002   Data   RW          242    .data               rtc.o
    0x20000020   0x00000029   Data   RW          306    .data               driver.o
    0x20000049   0x00000002   Data   RW          328    .data               timer.o
    0x2000004b   0x00000001   PAD
    0x2000004c   0x00000004   Data   RW          344    .data               delay.o
    0x20000050   0x00000006   Data   RW          376    .data               usart.o
    0x20000056   0x00000014   Data   RW          475    .data               stm32f10x_rcc.o
    0x2000006a   0x00000002   PAD
    0x2000006c   0x0000001c   Data   RW          538    .data               usmart.o
    0x20000088   0x0000011c   Data   RW          553    .data               usmart_config.o
    0x200001a4   0x0000000a   Zero   RW          240    .bss                rtc.o
    0x200001ae   0x00000400   Zero   RW          260    .bss                oled.o
    0x200005ae   0x000000c8   Zero   RW          375    .bss                usart.o
    0x20000676   0x00000002   PAD
    0x20000678   0x00000060   Zero   RW          725    .bss                c_w.l(libspace.o)
    0x200006d8   0x00000200   Zero   RW          408    HEAP                startup_stm32f10x_hd.o
    0x200008d8   0x00000400   Zero   RW          407    STACK               startup_stm32f10x_hd.o


==============================================================================

Image component sizes


      Code (inc. data)   RO Data    RW Data    ZI Data      Debug   Object Name

       388         20          0          0          0       1291   adc.o
       212         18          0          4          0        979   delay.o
      2012        104          0         41          0       5742   driver.o
       616         16          0          0          0       2186   ds18b20.o
       276         12          0          1          0        828   key.o
        76          8          0          0          0        475   led.o
       924        156          0          5          0     263254   main.o
       220         22          0          0          0       1753   misc.o
      1392         78       6080          0       1024       5063   oled.o
      1144         62         24          2         10       4154   rtc.o
        64         26        304          0       1536        768   startup_stm32f10x_hd.o
      1102         26          0          0          0      10789   stm32f10x_adc.o
       196          8          0          0          0       3416   stm32f10x_bkp.o
       860         38          0          0          0       5601   stm32f10x_gpio.o
        26          0          0          0          0       1158   stm32f10x_it.o
       204         14          0          0          0       1895   stm32f10x_pwr.o
       932         36          0         20          0       8752   stm32f10x_rcc.o
       328          4          0          0          0       2646   stm32f10x_rtc.o
      3610         88          0          0          0      22084   stm32f10x_tim.o
      1032         22          0          0          0       8324   stm32f10x_usart.o
         0          0          0          0          0         32   sys.o
       480         38          0         20          0       1671   system_stm32f10x.o
       476         34          0          2          0       1906   timer.o
       320         16          0          6        200       3078   usart.o
      3128       1288         40         28          0       4250   usmart.o
         0          0        167        284          0       1532   usmart_config.o
      1320         12          0          0          0       5009   usmart_str.o

    ----------------------------------------------------------------------
     21344       2146       6648        420       2772     368636   Object Totals
         0          0         32          0          0          0   (incl. Generated)
         6          0          1          7          2          0   (incl. Padding)

    ----------------------------------------------------------------------

      Code (inc. data)   RO Data    RW Data    ZI Data      Debug   Library Member Name

        90          0          0          0          0          0   __dczerorl2.o
         8          0          0          0          0         68   __main.o
       392          4         17          0          0         92   __printf_flags_ss_wp.o
        14          0          0          0          0         68   __printf_wp.o
         0          0          0          0          0          0   __rtentry.o
        12          0          0          0          0          0   __rtentry2.o
         6          0          0          0          0          0   __rtentry4.o
        52          8          0          0          0          0   __scatter.o
        28          0          0          0          0          0   __scatter_zi.o
         6          0          0          0          0          0   _printf_c.o
        44          0          0          0          0        108   _printf_char.o
        48          6          0          0          0         96   _printf_char_common.o
        36          4          0          0          0         80   _printf_char_file.o
         6          0          0          0          0          0   _printf_d.o
       120         16          0          0          0         92   _printf_dec.o
        88          4         40          0          0         88   _printf_hex_int.o
       178          0          0          0          0         88   _printf_intcommon.o
        78          0          0          0          0        108   _printf_pad.o
         0          0          0          0          0          0   _printf_percent.o
         4          0          0          0          0          0   _printf_percent_end.o
         6          0          0          0          0          0   _printf_s.o
        82          0          0          0          0         80   _printf_str.o
         6          0          0          0          0          0   _printf_u.o
         6          0          0          0          0          0   _printf_x.o
        12          0          0          0          0         72   exit.o
         8          0          0          0          0         68   ferror.o
         6          0          0          0          0        152   heapauxi.o
         2          0          0          0          0          0   libinit.o
         2          0          0          0          0          0   libinit2.o
         2          0          0          0          0          0   libshutdown.o
         2          0          0          0          0          0   libshutdown2.o
         8          4          0          0         96         68   libspace.o
        24          4          0          0          0         84   noretval__2printf.o
         2          0          0          0          0          0   rtexit.o
        10          0          0          0          0          0   rtexit2.o
        74          0          0          0          0         80   sys_stackheap_outer.o
         2          0          0          0          0         68   use_no_semi.o
         2          0          0          0          0         68   use_no_semi_2.o
        98          4          0          0          0         92   d2f.o
        94          4          0          0          0         92   dfix.o
       340         12          0          0          0        104   dmul.o
       156          4          0          0          0         92   dnaninf.o
        12          0          0          0          0         68   dretinf.o
        86          4          0          0          0         84   f2d.o
       450          8          0          0          0        236   faddsub_clz.o
        62          4          0          0          0         84   ffixu.o
        86          0          0          0          0        136   fflt_clz.o
       258          4          0          0          0         84   fmul.o
       140          4          0          0          0         84   fnaninf.o
        10          0          0          0          0         68   fretinf.o
         0          0          0          0          0          0   usenofp.o

    ----------------------------------------------------------------------
      3278         98         58          0         96       2852   Library Totals
        20          0          1          0          0          0   (incl. Padding)

    ----------------------------------------------------------------------

      Code (inc. data)   RO Data    RW Data    ZI Data      Debug   Library Name

      1466         50         57          0         96       1628   c_w.l
      1792         48          0          0          0       1224   fz_ws.l

    ----------------------------------------------------------------------
      3278         98         58          0         96       2852   Library Totals

    ----------------------------------------------------------------------

==============================================================================


      Code (inc. data)   RO Data    RW Data    ZI Data      Debug   

     24622       2244       6706        420       2868     367584   Grand Totals
     24622       2244       6706        120       2868     367584   ELF Image Totals (compressed)
     24622       2244       6706        120          0          0   ROM Totals

==============================================================================

    Total RO  Size (Code + RO Data)                31328 (  30.59kB)
    Total RW  Size (RW Data + ZI Data)              3288 (   3.21kB)
    Total ROM Size (Code + RO Data + RW Data)      31448 (  30.71kB)

==============================================================================

